#! /c/Source/iverilog-install/bin/vvp
:ivl_version "12.0 (devel)" "(s20150603-1539-g2693dd32b)";
:ivl_delay_selection "TYPICAL";
:vpi_time_precision - 12;
:vpi_module "C:\iverilog\lib\ivl\system.vpi";
:vpi_module "C:\iverilog\lib\ivl\vhdl_sys.vpi";
:vpi_module "C:\iverilog\lib\ivl\vhdl_textio.vpi";
:vpi_module "C:\iverilog\lib\ivl\v2005_math.vpi";
:vpi_module "C:\iverilog\lib\ivl\va_math.vpi";
:vpi_module "C:\iverilog\lib\ivl\v2009.vpi";
S_000001c3a5a71a10 .scope package, "$unit" "$unit" 2 1;
 .timescale 0 0;
S_000001c3a5a85480 .scope module, "tb_mcp3008" "tb_mcp3008" 3 6;
 .timescale -9 -12;
v000001c3a5aebf80_0 .net "busy", 0 0, v000001c3a5a42ba0_0;  1 drivers
v000001c3a5aeb760_0 .net "ch0_data", 9 0, v000001c3a5a42df0_0;  1 drivers
v000001c3a5aeb800_0 .net "ch7_data", 9 0, v000001c3a5a857a0_0;  1 drivers
v000001c3a5aebbc0_0 .var "clk", 0 0;
v000001c3a5aebe40_0 .net "cs_n", 0 0, v000001c3a5aeb8a0_0;  1 drivers
v000001c3a5aeba80_0 .net "data_valid", 0 0, v000001c3a5a42890_0;  1 drivers
v000001c3a5aeb580_0 .var "edge_count", 4 0;
v000001c3a5aebc60_0 .var "miso", 0 0;
v000001c3a5aeb620_0 .net "mosi", 0 0, v000001c3a5aeb440_0;  1 drivers
v000001c3a5aebd00_0 .var "response", 9 0;
v000001c3a5aec340_0 .var "rst_n", 0 0;
v000001c3a5aebb20_0 .var "saw_data_valid", 0 0;
v000001c3a5aebda0_0 .net "sclk", 0 0, v000001c3a5aeb940_0;  1 drivers
v000001c3a5aebee0_0 .var/i "tests_failed", 31 0;
v000001c3a5aec020_0 .var/i "tests_passed", 31 0;
v000001c3a5aec0c0_0 .var/i "tests_total", 31 0;
v000001c3a5aec200_0 .var/i "transaction_count", 31 0;
E_000001c3a5a94770 .event posedge, v000001c3a5a427f0_0;
E_000001c3a5a940f0 .event posedge, v000001c3a5a42890_0;
E_000001c3a5a94d30 .event negedge, v000001c3a5aeb940_0;
E_000001c3a5a942b0 .event negedge, v000001c3a5aeb8a0_0;
S_000001c3a5a85610 .scope module, "dut" "mcp3008_controller" 3 68, 4 34 0, S_000001c3a5a85480;
 .timescale -9 -12;
    .port_info 0 /INPUT 1 "clk";
    .port_info 1 /INPUT 1 "rst_n";
    .port_info 2 /OUTPUT 1 "spi_cs_n";
    .port_info 3 /OUTPUT 1 "spi_sclk";
    .port_info 4 /OUTPUT 1 "spi_mosi";
    .port_info 5 /INPUT 1 "spi_miso";
    .port_info 6 /OUTPUT 10 "ch0_data";
    .port_info 7 /OUTPUT 10 "ch7_data";
    .port_info 8 /OUTPUT 1 "data_valid";
    .port_info 9 /OUTPUT 1 "busy";
P_000001c3a5a42510 .param/l "ADC_DATA_FIRST_RISE" 1 4 60, C4<00111>;
P_000001c3a5a42548 .param/l "ADC_FINISH_EDGE" 1 4 62, C4<10001>;
P_000001c3a5a42580 .param/l "ADC_LAST_RISE" 1 4 61, C4<10000>;
P_000001c3a5a425b8 .param/l "CLK_HZ" 0 4 35, +C4<00000000000000000000000001100100>;
P_000001c3a5a425f0 .param/l "DIV_HALF" 1 4 51, +C4<00000000000000000000000000001010>;
P_000001c3a5a42628 .param/l "DIV_W" 1 4 52, +C4<00000000000000000000000000000100>;
P_000001c3a5a42660 .param/l "FINISH" 1 4 67, C4<011>;
P_000001c3a5a42698 .param/l "IDLE" 1 4 64, C4<000>;
P_000001c3a5a426d0 .param/l "SAMPLE_PERIOD" 0 4 37, +C4<00000000000000000000000000010100>;
P_000001c3a5a42708 .param/l "SPI_HZ" 0 4 36, +C4<00000000000000000000000000000101>;
P_000001c3a5a42740 .param/l "START" 1 4 65, C4<001>;
P_000001c3a5a42778 .param/l "TIMER_W" 1 4 53, +C4<00000000000000000000000000000101>;
P_000001c3a5a427b0 .param/l "TRANSFER" 1 4 66, C4<010>;
v000001c3a5a42ba0_0 .var "busy", 0 0;
v000001c3a5a42df0_0 .var "ch0_data", 9 0;
v000001c3a5a857a0_0 .var "ch7_data", 9 0;
v000001c3a5a85840_0 .var "channel", 0 0;
v000001c3a5a427f0_0 .net "clk", 0 0, v000001c3a5aebbc0_0;  1 drivers
v000001c3a5a42890_0 .var "data_valid", 0 0;
v000001c3a5a42930_0 .var "div_cnt", 3 0;
v000001c3a5a73f10_0 .var "edge_count", 4 0;
v000001c3a5a73fb0_0 .net "rst_n", 0 0, v000001c3a5aec340_0;  1 drivers
v000001c3a5a74050_0 .var "rx_shift", 9 0;
v000001c3a5aeb350_0 .var "sample_timer", 4 0;
v000001c3a5aeb8a0_0 .var "spi_cs_n", 0 0;
v000001c3a5aeb6c0_0 .net "spi_miso", 0 0, v000001c3a5aebc60_0;  1 drivers
v000001c3a5aeb440_0 .var "spi_mosi", 0 0;
v000001c3a5aeb940_0 .var "spi_sclk", 0 0;
v000001c3a5aeb9e0_0 .var "state", 2 0;
v000001c3a5aec160_0 .var "tx_shift", 15 0;
E_000001c3a5a947b0/0 .event negedge, v000001c3a5a73fb0_0;
E_000001c3a5a947b0/1 .event posedge, v000001c3a5a427f0_0;
E_000001c3a5a947b0 .event/or E_000001c3a5a947b0/0, E_000001c3a5a947b0/1;
    .scope S_000001c3a5a85610;
T_0 ;
    %wait E_000001c3a5a947b0;
    %load/vec4 v000001c3a5a73fb0_0;
    %nor/r;
    %flag_set/vec4 8;
    %jmp/0xz  T_0.0, 8;
    %pushi/vec4 0, 0, 3;
    %assign/vec4 v000001c3a5aeb9e0_0, 0;
    %pushi/vec4 0, 0, 4;
    %assign/vec4 v000001c3a5a42930_0, 0;
    %pushi/vec4 0, 0, 5;
    %assign/vec4 v000001c3a5aeb350_0, 0;
    %pushi/vec4 0, 0, 5;
    %assign/vec4 v000001c3a5a73f10_0, 0;
    %pushi/vec4 0, 0, 16;
    %assign/vec4 v000001c3a5aec160_0, 0;
    %pushi/vec4 0, 0, 10;
    %assign/vec4 v000001c3a5a74050_0, 0;
    %pushi/vec4 0, 0, 1;
    %assign/vec4 v000001c3a5a85840_0, 0;
    %pushi/vec4 1, 0, 1;
    %assign/vec4 v000001c3a5aeb8a0_0, 0;
    %pushi/vec4 0, 0, 1;
    %assign/vec4 v000001c3a5aeb940_0, 0;
    %pushi/vec4 0, 0, 1;
    %assign/vec4 v000001c3a5aeb440_0, 0;
    %pushi/vec4 0, 0, 10;
    %assign/vec4 v000001c3a5a42df0_0, 0;
    %pushi/vec4 0, 0, 10;
    %assign/vec4 v000001c3a5a857a0_0, 0;
    %pushi/vec4 0, 0, 1;
    %assign/vec4 v000001c3a5a42890_0, 0;
    %pushi/vec4 0, 0, 1;
    %assign/vec4 v000001c3a5a42ba0_0, 0;
    %jmp T_0.1;
T_0.0 ;
    %pushi/vec4 0, 0, 1;
    %assign/vec4 v000001c3a5a42890_0, 0;
    %load/vec4 v000001c3a5aeb9e0_0;
    %dup/vec4;
    %pushi/vec4 0, 0, 3;
    %cmp/u;
    %jmp/1 T_0.2, 6;
    %dup/vec4;
    %pushi/vec4 1, 0, 3;
    %cmp/u;
    %jmp/1 T_0.3, 6;
    %dup/vec4;
    %pushi/vec4 2, 0, 3;
    %cmp/u;
    %jmp/1 T_0.4, 6;
    %dup/vec4;
    %pushi/vec4 3, 0, 3;
    %cmp/u;
    %jmp/1 T_0.5, 6;
    %pushi/vec4 0, 0, 3;
    %assign/vec4 v000001c3a5aeb9e0_0, 0;
    %jmp T_0.7;
T_0.2 ;
    %pushi/vec4 1, 0, 1;
    %assign/vec4 v000001c3a5aeb8a0_0, 0;
    %pushi/vec4 0, 0, 1;
    %assign/vec4 v000001c3a5aeb940_0, 0;
    %pushi/vec4 0, 0, 1;
    %assign/vec4 v000001c3a5a42ba0_0, 0;
    %load/vec4 v000001c3a5aeb350_0;
    %pad/u 32;
    %cmpi/e 19, 0, 32;
    %jmp/0xz  T_0.8, 4;
    %pushi/vec4 0, 0, 5;
    %assign/vec4 v000001c3a5aeb350_0, 0;
    %pushi/vec4 1, 0, 3;
    %assign/vec4 v000001c3a5aeb9e0_0, 0;
    %pushi/vec4 1, 0, 1;
    %assign/vec4 v000001c3a5a42ba0_0, 0;
    %jmp T_0.9;
T_0.8 ;
    %load/vec4 v000001c3a5aeb350_0;
    %addi 1, 0, 5;
    %assign/vec4 v000001c3a5aeb350_0, 0;
T_0.9 ;
    %jmp T_0.7;
T_0.3 ;
    %pushi/vec4 0, 0, 1;
    %assign/vec4 v000001c3a5aeb8a0_0, 0;
    %pushi/vec4 0, 0, 1;
    %assign/vec4 v000001c3a5aeb940_0, 0;
    %pushi/vec4 0, 0, 5;
    %assign/vec4 v000001c3a5a73f10_0, 0;
    %pushi/vec4 0, 0, 10;
    %assign/vec4 v000001c3a5a74050_0, 0;
    %pushi/vec4 0, 0, 4;
    %assign/vec4 v000001c3a5a42930_0, 0;
    %load/vec4 v000001c3a5a85840_0;
    %cmpi/e 0, 0, 1;
    %jmp/0xz  T_0.10, 4;
    %pushi/vec4 49152, 0, 16;
    %assign/vec4 v000001c3a5aec160_0, 0;
    %jmp T_0.11;
T_0.10 ;
    %pushi/vec4 63488, 0, 16;
    %assign/vec4 v000001c3a5aec160_0, 0;
T_0.11 ;
    %pushi/vec4 1, 0, 1;
    %assign/vec4 v000001c3a5aeb440_0, 0;
    %pushi/vec4 2, 0, 3;
    %assign/vec4 v000001c3a5aeb9e0_0, 0;
    %jmp T_0.7;
T_0.4 ;
    %load/vec4 v000001c3a5a42930_0;
    %pad/u 32;
    %cmpi/e 9, 0, 32;
    %jmp/0xz  T_0.12, 4;
    %pushi/vec4 0, 0, 4;
    %assign/vec4 v000001c3a5a42930_0, 0;
    %load/vec4 v000001c3a5aeb940_0;
    %cmpi/e 0, 0, 1;
    %jmp/0xz  T_0.14, 4;
    %pushi/vec4 1, 0, 1;
    %assign/vec4 v000001c3a5aeb940_0, 0;
    %load/vec4 v000001c3a5a73f10_0;
    %cmpi/u 7, 0, 5;
    %flag_inv 5; GE is !LT
    %flag_get/vec4 5;
    %jmp/0 T_0.18, 5;
    %load/vec4 v000001c3a5a73f10_0;
    %cmpi/u 16, 0, 5;
    %flag_get/vec4 4;
    %flag_get/vec4 5;
    %or;
    %and;
T_0.18;
    %flag_set/vec4 8;
    %jmp/0xz  T_0.16, 8;
    %load/vec4 v000001c3a5a74050_0;
    %parti/s 9, 0, 2;
    %load/vec4 v000001c3a5aeb6c0_0;
    %concat/vec4; draw_concat_vec4
    %assign/vec4 v000001c3a5a74050_0, 0;
T_0.16 ;
    %load/vec4 v000001c3a5a73f10_0;
    %addi 1, 0, 5;
    %assign/vec4 v000001c3a5a73f10_0, 0;
    %jmp T_0.15;
T_0.14 ;
    %pushi/vec4 0, 0, 1;
    %assign/vec4 v000001c3a5aeb940_0, 0;
    %load/vec4 v000001c3a5aec160_0;
    %parti/s 15, 0, 2;
    %concati/vec4 0, 0, 1;
    %assign/vec4 v000001c3a5aec160_0, 0;
    %load/vec4 v000001c3a5aec160_0;
    %parti/s 1, 14, 5;
    %assign/vec4 v000001c3a5aeb440_0, 0;
    %load/vec4 v000001c3a5a73f10_0;
    %cmpi/e 17, 0, 5;
    %jmp/0xz  T_0.19, 4;
    %pushi/vec4 3, 0, 3;
    %assign/vec4 v000001c3a5aeb9e0_0, 0;
T_0.19 ;
T_0.15 ;
    %jmp T_0.13;
T_0.12 ;
    %load/vec4 v000001c3a5a42930_0;
    %addi 1, 0, 4;
    %assign/vec4 v000001c3a5a42930_0, 0;
T_0.13 ;
    %jmp T_0.7;
T_0.5 ;
    %pushi/vec4 1, 0, 1;
    %assign/vec4 v000001c3a5aeb8a0_0, 0;
    %pushi/vec4 0, 0, 1;
    %assign/vec4 v000001c3a5aeb940_0, 0;
    %pushi/vec4 0, 0, 1;
    %assign/vec4 v000001c3a5a42ba0_0, 0;
    %load/vec4 v000001c3a5a85840_0;
    %cmpi/e 0, 0, 1;
    %jmp/0xz  T_0.21, 4;
    %load/vec4 v000001c3a5a74050_0;
    %assign/vec4 v000001c3a5a42df0_0, 0;
    %jmp T_0.22;
T_0.21 ;
    %load/vec4 v000001c3a5a74050_0;
    %assign/vec4 v000001c3a5a857a0_0, 0;
    %pushi/vec4 1, 0, 1;
    %assign/vec4 v000001c3a5a42890_0, 0;
T_0.22 ;
    %load/vec4 v000001c3a5a85840_0;
    %inv;
    %assign/vec4 v000001c3a5a85840_0, 0;
    %pushi/vec4 0, 0, 3;
    %assign/vec4 v000001c3a5aeb9e0_0, 0;
    %jmp T_0.7;
T_0.7 ;
    %pop/vec4 1;
T_0.1 ;
    %jmp T_0;
    .thread T_0;
    .scope S_000001c3a5a85480;
T_1 ;
    %pushi/vec4 0, 0, 1;
    %store/vec4 v000001c3a5aebbc0_0, 0, 1;
    %pushi/vec4 0, 0, 1;
    %store/vec4 v000001c3a5aec340_0, 0, 1;
    %pushi/vec4 0, 0, 1;
    %store/vec4 v000001c3a5aebc60_0, 0, 1;
    %end;
    .thread T_1, $init;
    .scope S_000001c3a5a85480;
T_2 ;
    %delay 5000, 0;
    %load/vec4 v000001c3a5aebbc0_0;
    %inv;
    %store/vec4 v000001c3a5aebbc0_0, 0, 1;
    %jmp T_2;
    .thread T_2;
    .scope S_000001c3a5a85480;
T_3 ;
    %wait E_000001c3a5a942b0;
    %pushi/vec4 0, 0, 5;
    %store/vec4 v000001c3a5aeb580_0, 0, 5;
    %load/vec4 v000001c3a5aec200_0;
    %cmpi/e 0, 0, 32;
    %jmp/0xz  T_3.0, 4;
    %pushi/vec4 682, 0, 10;
    %store/vec4 v000001c3a5aebd00_0, 0, 10;
    %jmp T_3.1;
T_3.0 ;
    %pushi/vec4 341, 0, 10;
    %store/vec4 v000001c3a5aebd00_0, 0, 10;
T_3.1 ;
    %load/vec4 v000001c3a5aec200_0;
    %addi 1, 0, 32;
    %store/vec4 v000001c3a5aec200_0, 0, 32;
    %jmp T_3;
    .thread T_3;
    .scope S_000001c3a5a85480;
T_4 ;
    %wait E_000001c3a5a94d30;
    %load/vec4 v000001c3a5aebe40_0;
    %nor/r;
    %flag_set/vec4 8;
    %jmp/0xz  T_4.0, 8;
    %load/vec4 v000001c3a5aeb580_0;
    %pad/u 32;
    %cmpi/u 5, 0, 32;
    %flag_inv 5; GE is !LT
    %flag_get/vec4 5;
    %jmp/0 T_4.4, 5;
    %load/vec4 v000001c3a5aeb580_0;
    %pad/u 32;
    %cmpi/u 14, 0, 32;
    %flag_get/vec4 4;
    %flag_get/vec4 5;
    %or;
    %and;
T_4.4;
    %flag_set/vec4 8;
    %jmp/0xz  T_4.2, 8;
    %load/vec4 v000001c3a5aebd00_0;
    %pushi/vec4 14, 0, 32;
    %load/vec4 v000001c3a5aeb580_0;
    %pad/u 32;
    %sub;
    %part/u 1;
    %store/vec4 v000001c3a5aebc60_0, 0, 1;
    %jmp T_4.3;
T_4.2 ;
    %pushi/vec4 0, 0, 1;
    %store/vec4 v000001c3a5aebc60_0, 0, 1;
T_4.3 ;
    %load/vec4 v000001c3a5aeb580_0;
    %addi 1, 0, 5;
    %store/vec4 v000001c3a5aeb580_0, 0, 5;
    %jmp T_4.1;
T_4.0 ;
    %pushi/vec4 0, 0, 1;
    %store/vec4 v000001c3a5aebc60_0, 0, 1;
T_4.1 ;
    %jmp T_4;
    .thread T_4;
    .scope S_000001c3a5a85480;
T_5 ;
    %wait E_000001c3a5a94770;
    %load/vec4 v000001c3a5aeba80_0;
    %flag_set/vec4 8;
    %jmp/0xz  T_5.0, 8;
    %pushi/vec4 1, 0, 1;
    %assign/vec4 v000001c3a5aebb20_0, 0;
T_5.0 ;
    %jmp T_5;
    .thread T_5;
    .scope S_000001c3a5a85480;
T_6 ;
    %vpi_call/w 3 82 "$dumpfile", "./tb_mcp3008.vcd" {0 0 0};
    %vpi_call/w 3 83 "$dumpvars", 32'sb00000000000000000000000000000000, S_000001c3a5a85480 {0 0 0};
    %pushi/vec4 0, 0, 32;
    %store/vec4 v000001c3a5aec200_0, 0, 32;
    %pushi/vec4 0, 0, 5;
    %store/vec4 v000001c3a5aeb580_0, 0, 5;
    %pushi/vec4 0, 0, 10;
    %store/vec4 v000001c3a5aebd00_0, 0, 10;
    %pushi/vec4 0, 0, 1;
    %store/vec4 v000001c3a5aebc60_0, 0, 1;
    %pushi/vec4 0, 0, 1;
    %store/vec4 v000001c3a5aebb20_0, 0, 1;
    %pushi/vec4 0, 0, 32;
    %store/vec4 v000001c3a5aec0c0_0, 0, 32;
    %pushi/vec4 0, 0, 32;
    %store/vec4 v000001c3a5aec020_0, 0, 32;
    %pushi/vec4 0, 0, 32;
    %store/vec4 v000001c3a5aebee0_0, 0, 32;
    %vpi_call/w 3 95 "$display", "================================================" {0 0 0};
    %vpi_call/w 3 96 "$display", "TESTE: tb_mcp3008" {0 0 0};
    %vpi_call/w 3 97 "$display", "================================================" {0 0 0};
    %delay 30000, 0;
    %pushi/vec4 1, 0, 1;
    %store/vec4 v000001c3a5aec340_0, 0, 1;
    %wait E_000001c3a5a940f0;
    %pushi/vec4 2, 0, 32;
T_6.0 %dup/vec4;
    %pushi/vec4 0, 0, 32;
    %cmp/s;
    %jmp/1xz T_6.1, 5;
    %jmp/1 T_6.1, 4;
    %pushi/vec4 1, 0, 32;
    %sub;
    %wait E_000001c3a5a94770;
    %jmp T_6.0;
T_6.1 ;
    %pop/vec4 1;
    %load/vec4 v000001c3a5aec0c0_0;
    %addi 1, 0, 32;
    %store/vec4 v000001c3a5aec0c0_0, 0, 32;
    %load/vec4 v000001c3a5aec200_0;
    %cmpi/s 2, 0, 32;
    %jmp/0xz  T_6.2, 5;
    %vpi_call/w 3 110 "$fatal", 32'sb00000000000000000000000000000001, "MCP3008 FAIL: menos de duas transacoes" {0 0 0};
T_6.2 ;
    %load/vec4 v000001c3a5aeb760_0;
    %cmpi/ne 682, 0, 10;
    %jmp/0xz  T_6.4, 6;
    %vpi_call/w 3 113 "$fatal", 32'sb00000000000000000000000000000001, "MCP3008 FAIL: CH0 incorreto: %b", v000001c3a5aeb760_0 {0 0 0};
T_6.4 ;
    %load/vec4 v000001c3a5aeb800_0;
    %cmpi/ne 341, 0, 10;
    %jmp/0xz  T_6.6, 6;
    %vpi_call/w 3 116 "$fatal", 32'sb00000000000000000000000000000001, "MCP3008 FAIL: CH7 incorreto: %b", v000001c3a5aeb800_0 {0 0 0};
T_6.6 ;
    %load/vec4 v000001c3a5aebb20_0;
    %nor/r;
    %flag_set/vec4 8;
    %jmp/0xz  T_6.8, 8;
    %vpi_call/w 3 119 "$fatal", 32'sb00000000000000000000000000000001, "MCP3008 FAIL: data_valid nao observado" {0 0 0};
T_6.8 ;
    %load/vec4 v000001c3a5aebe40_0;
    %cmpi/ne 1, 0, 1;
    %jmp/1 T_6.12, 6;
    %flag_mov 8, 6;
    %load/vec4 v000001c3a5aebda0_0;
    %cmpi/ne 0, 0, 1;
    %flag_or 6, 8;
T_6.12;
    %jmp/0xz  T_6.10, 6;
    %vpi_call/w 3 122 "$fatal", 32'sb00000000000000000000000000000001, "MCP3008 FAIL: barramento nao retornou ao repouso" {0 0 0};
T_6.10 ;
    %load/vec4 v000001c3a5aec020_0;
    %addi 1, 0, 32;
    %store/vec4 v000001c3a5aec020_0, 0, 32;
    %vpi_call/w 3 125 "$display", "PASS: MCP3008 CH0/CH7, data_valid e idle" {0 0 0};
    %load/vec4 v000001c3a5aebee0_0;
    %cmpi/ne 0, 0, 32;
    %jmp/0xz  T_6.13, 4;
    %vpi_call/w 3 130 "$fatal", 32'sb00000000000000000000000000000001, "tb_mcp3008 terminou com falhas" {0 0 0};
T_6.13 ;
    %vpi_call/w 3 132 "$display", "================================================" {0 0 0};
    %vpi_call/w 3 133 "$display", "PASS tb_mcp3008" {0 0 0};
    %vpi_call/w 3 134 "$display", "TESTES: %0d | PASS: %0d | FAIL: %0d", v000001c3a5aec0c0_0, v000001c3a5aec020_0, v000001c3a5aebee0_0 {0 0 0};
    %vpi_call/w 3 136 "$display", "================================================" {0 0 0};
    %vpi_call/w 3 137 "$finish" {0 0 0};
    %end;
    .thread T_6;
    .scope S_000001c3a5a85480;
T_7 ;
    %delay 50000000, 0;
    %vpi_call/w 3 142 "$fatal", 32'sb00000000000000000000000000000001, "Timeout: tb_mcp3008 excedeu o tempo maximo" {0 0 0};
    %end;
    .thread T_7;
# The file index is used to find the file name in the following table.
:file_names 5;
    "N/A";
    "<interactive>";
    "-";
    ".\tb_mcp3008.v";
    "..\src\mcp3008_controller.v";
