#! /c/Source/iverilog-install/bin/vvp
:ivl_version "12.0 (devel)" "(s20150603-1539-g2693dd32b)";
:ivl_delay_selection "TYPICAL";
:vpi_time_precision - 12;
:vpi_module "C:\iverilog\lib\ivl\system.vpi";
:vpi_module "C:\iverilog\lib\ivl\vhdl_sys.vpi";
:vpi_module "C:\iverilog\lib\ivl\vhdl_textio.vpi";
:vpi_module "C:\iverilog\lib\ivl\v2005_math.vpi";
:vpi_module "C:\iverilog\lib\ivl\va_math.vpi";
:vpi_module "C:\iverilog\lib\ivl\v2009.vpi";
S_00000222ac7989d0 .scope package, "$unit" "$unit" 2 1;
 .timescale 0 0;
S_00000222ac79b780 .scope module, "tb_spi_slave_pi4" "tb_spi_slave_pi4" 3 5;
 .timescale -9 -12;
v00000222ac7f41b0_0 .var "arm_spi_cs_n", 0 0;
v00000222ac7f5650_0 .net "arm_spi_miso", 0 0, L_00000222ac78ce50;  1 drivers
v00000222ac7f4610_0 .var "arm_spi_mosi", 0 0;
v00000222ac7f3d50_0 .var "arm_spi_sclk", 0 0;
v00000222ac7f5010_0 .var "bmp_pressure_pa", 31 0;
v00000222ac7f58d0_0 .var "bmp_temp", 15 0;
v00000222ac7f53d0_0 .net "command_byte", 7 0, v00000222ac7f2f70_0;  1 drivers
v00000222ac7f4a70_0 .net "frame_valid", 0 0, v00000222ac7f31f0_0;  1 drivers
v00000222ac7f3b70_0 .var/i "i", 31 0;
v00000222ac7f4930_0 .var "lm35_raw", 15 0;
v00000222ac7f5970_0 .var "lm35_temp_x10", 15 0;
v00000222ac7f3cb0_0 .var "master_tx_frame", 111 0;
v00000222ac7f46b0_0 .var "pot_percent", 7 0;
v00000222ac7f3fd0_0 .var "pot_raw", 15 0;
v00000222ac7f49d0_0 .var "rst_n", 0 0;
v00000222ac7f56f0_0 .var "rx_frame", 111 0;
v00000222ac7f5470_0 .var "sampled_miso", 0 0;
v00000222ac7f5510_0 .var "saw_frame_valid", 0 0;
v00000222ac7f5290_0 .var "sys_clk", 0 0;
v00000222ac7f4070_0 .var/i "tests_failed", 31 0;
v00000222ac7f4750_0 .var/i "tests_passed", 31 0;
v00000222ac7f4b10_0 .var/i "tests_total", 31 0;
E_00000222ac770c60 .event posedge, v00000222ac7f36f0_0;
S_00000222ac782ad0 .scope module, "dut" "spi_slave_pi4" 3 41, 4 19 0, S_00000222ac79b780;
 .timescale -9 -12;
    .port_info 0 /INPUT 1 "sys_clk";
    .port_info 1 /INPUT 1 "rst_n";
    .port_info 2 /INPUT 1 "arm_spi_sclk";
    .port_info 3 /INPUT 1 "arm_spi_mosi";
    .port_info 4 /OUTPUT 1 "arm_spi_miso";
    .port_info 5 /INPUT 1 "arm_spi_cs_n";
    .port_info 6 /INPUT 16 "bmp_temp";
    .port_info 7 /INPUT 32 "bmp_pressure_pa";
    .port_info 8 /INPUT 16 "lm35_temp_x10";
    .port_info 9 /INPUT 8 "pot_percent";
    .port_info 10 /INPUT 16 "lm35_raw";
    .port_info 11 /INPUT 16 "pot_raw";
    .port_info 12 /OUTPUT 1 "frame_valid";
    .port_info 13 /OUTPUT 8 "command_byte";
L_00000222ac78cc20 .functor AND 1, v00000222ac7f3330_0, L_00000222ac7f4bb0, C4<1>, C4<1>;
L_00000222ac78cd00 .functor AND 1, L_00000222ac7f4d90, v00000222ac7f3290_0, C4<1>, C4<1>;
L_00000222ac78cd70 .functor AND 1, L_00000222ac7f4c50, v00000222ac7f30b0_0, C4<1>, C4<1>;
L_00000222ac78c280 .functor AND 1, v00000222ac7f33d0_0, L_00000222ac7f47f0, C4<1>, C4<1>;
L_00000222ac78ce50 .functor BUFZ 1, v00000222ac7f29d0_0, C4<0>, C4<0>, C4<0>;
v00000222ac742bb0_0 .net *"_ivl_1", 0 0, L_00000222ac7f4bb0;  1 drivers
v00000222ac774760_0 .net *"_ivl_13", 0 0, L_00000222ac7f47f0;  1 drivers
v00000222ac742910_0 .net *"_ivl_5", 0 0, L_00000222ac7f4d90;  1 drivers
v00000222ac79c7f0_0 .net *"_ivl_9", 0 0, L_00000222ac7f4c50;  1 drivers
v00000222ac782c60_0 .net "arm_spi_cs_n", 0 0, v00000222ac7f41b0_0;  1 drivers
v00000222ac782d00_0 .net "arm_spi_miso", 0 0, L_00000222ac78ce50;  alias, 1 drivers
v00000222ac782da0_0 .net "arm_spi_mosi", 0 0, v00000222ac7f4610_0;  1 drivers
v00000222ac782e40_0 .net "arm_spi_sclk", 0 0, v00000222ac7f3d50_0;  1 drivers
v00000222ac79e140_0 .var "bit_count", 7 0;
v00000222ac79e1e0_0 .net "bmp_pressure_pa", 31 0, v00000222ac7f5010_0;  1 drivers
v00000222ac7f2b10_0 .net "bmp_temp", 15 0, v00000222ac7f58d0_0;  1 drivers
v00000222ac7f2f70_0 .var "command_byte", 7 0;
v00000222ac7f3150_0 .net "cs_fall", 0 0, L_00000222ac78cc20;  1 drivers
v00000222ac7f2c50_0 .var "cs_meta", 0 0;
v00000222ac7f3330_0 .var "cs_prev", 0 0;
v00000222ac7f35b0_0 .net "cs_rise", 0 0, L_00000222ac78cd00;  1 drivers
v00000222ac7f3290_0 .var "cs_sync", 0 0;
v00000222ac7f31f0_0 .var "frame_valid", 0 0;
v00000222ac7f2bb0_0 .net "lm35_raw", 15 0, v00000222ac7f4930_0;  1 drivers
v00000222ac7f2cf0_0 .net "lm35_temp_x10", 15 0, v00000222ac7f5970_0;  1 drivers
v00000222ac7f29d0_0 .var "miso_reg", 0 0;
v00000222ac7f2d90_0 .var "mosi_meta", 0 0;
v00000222ac7f2e30_0 .var "mosi_sync", 0 0;
v00000222ac7f2ed0_0 .net "pot_percent", 7 0, v00000222ac7f46b0_0;  1 drivers
v00000222ac7f3510_0 .net "pot_raw", 15 0, v00000222ac7f3fd0_0;  1 drivers
v00000222ac7f3470_0 .net "rst_n", 0 0, v00000222ac7f49d0_0;  1 drivers
v00000222ac7f2930_0 .var "rx_shift", 111 0;
v00000222ac7f3010_0 .net "sclk_fall", 0 0, L_00000222ac78c280;  1 drivers
v00000222ac7f3650_0 .var "sclk_meta", 0 0;
v00000222ac7f33d0_0 .var "sclk_prev", 0 0;
v00000222ac7f2a70_0 .net "sclk_rise", 0 0, L_00000222ac78cd70;  1 drivers
v00000222ac7f30b0_0 .var "sclk_sync", 0 0;
v00000222ac7f36f0_0 .net "sys_clk", 0 0, v00000222ac7f5290_0;  1 drivers
v00000222ac7f3790_0 .var "tx_shift", 111 0;
E_00000222ac7708e0/0 .event negedge, v00000222ac7f3470_0;
E_00000222ac7708e0/1 .event posedge, v00000222ac7f36f0_0;
E_00000222ac7708e0 .event/or E_00000222ac7708e0/0, E_00000222ac7708e0/1;
L_00000222ac7f4bb0 .reduce/nor v00000222ac7f3290_0;
L_00000222ac7f4d90 .reduce/nor v00000222ac7f3330_0;
L_00000222ac7f4c50 .reduce/nor v00000222ac7f33d0_0;
L_00000222ac7f47f0 .reduce/nor v00000222ac7f30b0_0;
S_00000222ac79e5a0 .scope autotask, "run_valid_frame" "run_valid_frame" 3 74, 3 74 0, S_00000222ac79b780;
 .timescale -9 -12;
v00000222ac7f3830_0 .var "command", 7 0;
TD_tb_spi_slave_pi4.run_valid_frame ;
    %pushi/vec4 0, 0, 112;
    %store/vec4 v00000222ac7f3cb0_0, 0, 112;
    %load/vec4 v00000222ac7f3830_0;
    %ix/load 4, 104, 0;
    %flag_set/imm 4, 0;
    %store/vec4 v00000222ac7f3cb0_0, 4, 8;
    %pushi/vec4 0, 0, 112;
    %store/vec4 v00000222ac7f56f0_0, 0, 112;
    %pushi/vec4 0, 0, 1;
    %store/vec4 v00000222ac7f5510_0, 0, 1;
    %pushi/vec4 0, 0, 1;
    %store/vec4 v00000222ac7f41b0_0, 0, 1;
    %delay 160000, 0;
    %pushi/vec4 0, 0, 32;
    %store/vec4 v00000222ac7f3b70_0, 0, 32;
T_0.0 ;
    %load/vec4 v00000222ac7f3b70_0;
    %cmpi/s 112, 0, 32;
    %jmp/0xz T_0.1, 5;
    %alloc S_00000222ac7f38f0;
    %load/vec4 v00000222ac7f3cb0_0;
    %pushi/vec4 111, 0, 32;
    %load/vec4 v00000222ac7f3b70_0;
    %sub;
    %part/s 1;
    %store/vec4 v00000222ac7f51f0_0, 0, 1;
    %fork TD_tb_spi_slave_pi4.transfer_bit, S_00000222ac7f38f0;
    %join;
    %load/vec4 v00000222ac7f4250_0;
    %store/vec4 v00000222ac7f5470_0, 0, 1;
    %free S_00000222ac7f38f0;
    %load/vec4 v00000222ac7f5470_0;
    %pushi/vec4 111, 0, 32;
    %load/vec4 v00000222ac7f3b70_0;
    %sub;
    %ix/vec4/s 4;
    %store/vec4 v00000222ac7f56f0_0, 4, 1;
    %load/vec4 v00000222ac7f3b70_0;
    %addi 1, 0, 32;
    %store/vec4 v00000222ac7f3b70_0, 0, 32;
    %jmp T_0.0;
T_0.1 ;
    %delay 100000, 0;
    %pushi/vec4 1, 0, 1;
    %store/vec4 v00000222ac7f41b0_0, 0, 1;
    %delay 160000, 0;
    %end;
S_00000222ac7f38f0 .scope autotask, "transfer_bit" "transfer_bit" 3 58, 3 58 0, S_00000222ac79b780;
 .timescale -9 -12;
v00000222ac7f4250_0 .var "miso_bit", 0 0;
v00000222ac7f51f0_0 .var "mosi_bit", 0 0;
TD_tb_spi_slave_pi4.transfer_bit ;
    %load/vec4 v00000222ac7f51f0_0;
    %store/vec4 v00000222ac7f4610_0, 0, 1;
    %delay 80000, 0;
    %pushi/vec4 1, 0, 1;
    %store/vec4 v00000222ac7f3d50_0, 0, 1;
    %delay 30000, 0;
    %load/vec4 v00000222ac7f5650_0;
    %store/vec4 v00000222ac7f4250_0, 0, 1;
    %delay 70000, 0;
    %pushi/vec4 0, 0, 1;
    %store/vec4 v00000222ac7f3d50_0, 0, 1;
    %delay 100000, 0;
    %end;
    .scope S_00000222ac782ad0;
T_2 ;
    %wait E_00000222ac7708e0;
    %load/vec4 v00000222ac7f3470_0;
    %nor/r;
    %flag_set/vec4 8;
    %jmp/0xz  T_2.0, 8;
    %pushi/vec4 0, 0, 1;
    %assign/vec4 v00000222ac7f3650_0, 0;
    %pushi/vec4 0, 0, 1;
    %assign/vec4 v00000222ac7f30b0_0, 0;
    %pushi/vec4 0, 0, 1;
    %assign/vec4 v00000222ac7f33d0_0, 0;
    %pushi/vec4 0, 0, 1;
    %assign/vec4 v00000222ac7f2d90_0, 0;
    %pushi/vec4 0, 0, 1;
    %assign/vec4 v00000222ac7f2e30_0, 0;
    %pushi/vec4 1, 0, 1;
    %assign/vec4 v00000222ac7f2c50_0, 0;
    %pushi/vec4 1, 0, 1;
    %assign/vec4 v00000222ac7f3290_0, 0;
    %pushi/vec4 1, 0, 1;
    %assign/vec4 v00000222ac7f3330_0, 0;
    %pushi/vec4 0, 0, 112;
    %assign/vec4 v00000222ac7f3790_0, 0;
    %pushi/vec4 0, 0, 112;
    %assign/vec4 v00000222ac7f2930_0, 0;
    %pushi/vec4 0, 0, 8;
    %assign/vec4 v00000222ac79e140_0, 0;
    %pushi/vec4 0, 0, 1;
    %assign/vec4 v00000222ac7f29d0_0, 0;
    %pushi/vec4 0, 0, 1;
    %assign/vec4 v00000222ac7f31f0_0, 0;
    %pushi/vec4 0, 0, 8;
    %assign/vec4 v00000222ac7f2f70_0, 0;
    %jmp T_2.1;
T_2.0 ;
    %load/vec4 v00000222ac782e40_0;
    %assign/vec4 v00000222ac7f3650_0, 0;
    %load/vec4 v00000222ac7f3650_0;
    %assign/vec4 v00000222ac7f30b0_0, 0;
    %load/vec4 v00000222ac7f30b0_0;
    %assign/vec4 v00000222ac7f33d0_0, 0;
    %load/vec4 v00000222ac782da0_0;
    %assign/vec4 v00000222ac7f2d90_0, 0;
    %load/vec4 v00000222ac7f2d90_0;
    %assign/vec4 v00000222ac7f2e30_0, 0;
    %load/vec4 v00000222ac782c60_0;
    %assign/vec4 v00000222ac7f2c50_0, 0;
    %load/vec4 v00000222ac7f2c50_0;
    %assign/vec4 v00000222ac7f3290_0, 0;
    %load/vec4 v00000222ac7f3290_0;
    %assign/vec4 v00000222ac7f3330_0, 0;
    %pushi/vec4 0, 0, 1;
    %assign/vec4 v00000222ac7f31f0_0, 0;
    %load/vec4 v00000222ac7f3150_0;
    %flag_set/vec4 8;
    %jmp/0xz  T_2.2, 8;
    %pushi/vec4 165, 0, 8;
    %load/vec4 v00000222ac7f2b10_0;
    %concat/vec4; draw_concat_vec4
    %load/vec4 v00000222ac7f2cf0_0;
    %concat/vec4; draw_concat_vec4
    %load/vec4 v00000222ac7f2ed0_0;
    %concat/vec4; draw_concat_vec4
    %load/vec4 v00000222ac7f2bb0_0;
    %concat/vec4; draw_concat_vec4
    %load/vec4 v00000222ac7f3510_0;
    %concat/vec4; draw_concat_vec4
    %load/vec4 v00000222ac79e1e0_0;
    %concat/vec4; draw_concat_vec4
    %assign/vec4 v00000222ac7f3790_0, 0;
    %pushi/vec4 0, 0, 112;
    %assign/vec4 v00000222ac7f2930_0, 0;
    %pushi/vec4 0, 0, 8;
    %assign/vec4 v00000222ac79e140_0, 0;
    %pushi/vec4 1, 0, 1;
    %assign/vec4 v00000222ac7f29d0_0, 0;
    %jmp T_2.3;
T_2.2 ;
    %load/vec4 v00000222ac7f35b0_0;
    %flag_set/vec4 8;
    %jmp/0xz  T_2.4, 8;
    %load/vec4 v00000222ac7f2930_0;
    %parti/s 8, 104, 8;
    %assign/vec4 v00000222ac7f2f70_0, 0;
    %pushi/vec4 111, 0, 8;
    %load/vec4 v00000222ac79e140_0;
    %cmp/u;
    %flag_get/vec4 4;
    %flag_get/vec4 5;
    %or;
    %assign/vec4 v00000222ac7f31f0_0, 0;
    %pushi/vec4 0, 0, 1;
    %assign/vec4 v00000222ac7f29d0_0, 0;
    %jmp T_2.5;
T_2.4 ;
    %load/vec4 v00000222ac7f3290_0;
    %nor/r;
    %flag_set/vec4 8;
    %jmp/0xz  T_2.6, 8;
    %load/vec4 v00000222ac7f2a70_0;
    %flag_set/vec4 8;
    %jmp/0xz  T_2.8, 8;
    %load/vec4 v00000222ac7f2930_0;
    %parti/s 111, 0, 2;
    %load/vec4 v00000222ac7f2e30_0;
    %concat/vec4; draw_concat_vec4
    %assign/vec4 v00000222ac7f2930_0, 0;
    %load/vec4 v00000222ac79e140_0;
    %cmpi/ne 111, 0, 8;
    %jmp/0xz  T_2.10, 4;
    %load/vec4 v00000222ac79e140_0;
    %addi 1, 0, 8;
    %assign/vec4 v00000222ac79e140_0, 0;
T_2.10 ;
T_2.8 ;
    %load/vec4 v00000222ac7f3010_0;
    %flag_set/vec4 8;
    %jmp/0xz  T_2.12, 8;
    %load/vec4 v00000222ac7f3790_0;
    %parti/s 111, 0, 2;
    %concati/vec4 0, 0, 1;
    %assign/vec4 v00000222ac7f3790_0, 0;
    %load/vec4 v00000222ac7f3790_0;
    %parti/s 1, 110, 8;
    %assign/vec4 v00000222ac7f29d0_0, 0;
T_2.12 ;
T_2.6 ;
T_2.5 ;
T_2.3 ;
T_2.1 ;
    %jmp T_2;
    .thread T_2;
    .scope S_00000222ac79b780;
T_3 ;
    %pushi/vec4 0, 0, 1;
    %store/vec4 v00000222ac7f5290_0, 0, 1;
    %pushi/vec4 0, 0, 1;
    %store/vec4 v00000222ac7f49d0_0, 0, 1;
    %pushi/vec4 0, 0, 1;
    %store/vec4 v00000222ac7f3d50_0, 0, 1;
    %pushi/vec4 0, 0, 1;
    %store/vec4 v00000222ac7f4610_0, 0, 1;
    %pushi/vec4 1, 0, 1;
    %store/vec4 v00000222ac7f41b0_0, 0, 1;
    %pushi/vec4 4660, 0, 16;
    %store/vec4 v00000222ac7f58d0_0, 0, 16;
    %pushi/vec4 101325, 0, 32;
    %store/vec4 v00000222ac7f5010_0, 0, 32;
    %pushi/vec4 251, 0, 16;
    %store/vec4 v00000222ac7f5970_0, 0, 16;
    %pushi/vec4 50, 0, 8;
    %store/vec4 v00000222ac7f46b0_0, 0, 8;
    %pushi/vec4 85, 0, 16;
    %store/vec4 v00000222ac7f4930_0, 0, 16;
    %pushi/vec4 512, 0, 16;
    %store/vec4 v00000222ac7f3fd0_0, 0, 16;
    %end;
    .thread T_3, $init;
    .scope S_00000222ac79b780;
T_4 ;
    %delay 5000, 0;
    %load/vec4 v00000222ac7f5290_0;
    %inv;
    %store/vec4 v00000222ac7f5290_0, 0, 1;
    %jmp T_4;
    .thread T_4;
    .scope S_00000222ac79b780;
T_5 ;
    %wait E_00000222ac770c60;
    %load/vec4 v00000222ac7f4a70_0;
    %flag_set/vec4 8;
    %jmp/0xz  T_5.0, 8;
    %pushi/vec4 1, 0, 1;
    %assign/vec4 v00000222ac7f5510_0, 0;
T_5.0 ;
    %jmp T_5;
    .thread T_5;
    .scope S_00000222ac79b780;
T_6 ;
    %vpi_call/w 3 97 "$dumpfile", "./tb_spi_slave_pi4.vcd" {0 0 0};
    %vpi_call/w 3 98 "$dumpvars", 32'sb00000000000000000000000000000000, S_00000222ac79b780 {0 0 0};
    %pushi/vec4 0, 0, 32;
    %store/vec4 v00000222ac7f4b10_0, 0, 32;
    %pushi/vec4 0, 0, 32;
    %store/vec4 v00000222ac7f4750_0, 0, 32;
    %pushi/vec4 0, 0, 32;
    %store/vec4 v00000222ac7f4070_0, 0, 32;
    %vpi_call/w 3 104 "$display", "================================================" {0 0 0};
    %vpi_call/w 3 105 "$display", "TESTE: tb_spi_slave_pi4" {0 0 0};
    %vpi_call/w 3 106 "$display", "================================================" {0 0 0};
    %delay 40000, 0;
    %pushi/vec4 1, 0, 1;
    %store/vec4 v00000222ac7f49d0_0, 0, 1;
    %delay 100000, 0;
    %load/vec4 v00000222ac7f4b10_0;
    %addi 1, 0, 32;
    %store/vec4 v00000222ac7f4b10_0, 0, 32;
    %alloc S_00000222ac79e5a0;
    %pushi/vec4 60, 0, 8;
    %store/vec4 v00000222ac7f3830_0, 0, 8;
    %fork TD_tb_spi_slave_pi4.run_valid_frame, S_00000222ac79e5a0;
    %join;
    %free S_00000222ac79e5a0;
    %load/vec4 v00000222ac7f56f0_0;
    %pushi/vec4 2769433600, 0, 32;
    %concati/vec4 4214358101, 0, 32;
    %concati/vec4 2147483746, 0, 38;
    %concati/vec4 973, 0, 10;
    %cmp/ne;
    %jmp/0xz  T_6.0, 6;
    %vpi_call/w 3 117 "$fatal", 32'sb00000000000000000000000000000001, "SPI FAIL: frame incorreto: recebido=%h", v00000222ac7f56f0_0 {0 0 0};
T_6.0 ;
    %load/vec4 v00000222ac7f53d0_0;
    %cmpi/ne 60, 0, 8;
    %jmp/0xz  T_6.2, 6;
    %vpi_call/w 3 120 "$fatal", 32'sb00000000000000000000000000000001, "SPI FAIL: comando incorreto: %h", v00000222ac7f53d0_0 {0 0 0};
T_6.2 ;
    %load/vec4 v00000222ac7f5510_0;
    %nor/r;
    %flag_set/vec4 8;
    %jmp/0xz  T_6.4, 8;
    %vpi_call/w 3 123 "$fatal", 32'sb00000000000000000000000000000001, "SPI FAIL: frame_valid nao foi emitido" {0 0 0};
T_6.4 ;
    %load/vec4 v00000222ac7f5650_0;
    %cmpi/ne 0, 0, 1;
    %jmp/0xz  T_6.6, 6;
    %vpi_call/w 3 126 "$fatal", 32'sb00000000000000000000000000000001, "SPI FAIL: MISO deveria estar baixo com CS inativo" {0 0 0};
T_6.6 ;
    %load/vec4 v00000222ac7f4750_0;
    %addi 1, 0, 32;
    %store/vec4 v00000222ac7f4750_0, 0, 32;
    %vpi_call/w 3 129 "$display", "PASS: SPI frame completo" {0 0 0};
    %load/vec4 v00000222ac7f4b10_0;
    %addi 1, 0, 32;
    %store/vec4 v00000222ac7f4b10_0, 0, 32;
    %alloc S_00000222ac79e5a0;
    %pushi/vec4 165, 0, 8;
    %store/vec4 v00000222ac7f3830_0, 0, 8;
    %fork TD_tb_spi_slave_pi4.run_valid_frame, S_00000222ac79e5a0;
    %join;
    %free S_00000222ac79e5a0;
    %load/vec4 v00000222ac7f53d0_0;
    %cmpi/ne 165, 0, 8;
    %jmp/0xz  T_6.8, 6;
    %vpi_call/w 3 137 "$fatal", 32'sb00000000000000000000000000000001, "SPI FAIL: segundo comando incorreto: %h", v00000222ac7f53d0_0 {0 0 0};
T_6.8 ;
    %load/vec4 v00000222ac7f4750_0;
    %addi 1, 0, 32;
    %store/vec4 v00000222ac7f4750_0, 0, 32;
    %vpi_call/w 3 140 "$display", "PASS: SPI segunda transacao" {0 0 0};
    %load/vec4 v00000222ac7f4b10_0;
    %addi 1, 0, 32;
    %store/vec4 v00000222ac7f4b10_0, 0, 32;
    %pushi/vec4 0, 0, 1;
    %store/vec4 v00000222ac7f5510_0, 0, 1;
    %pushi/vec4 0, 0, 112;
    %store/vec4 v00000222ac7f3cb0_0, 0, 112;
    %pushi/vec4 60, 0, 8;
    %ix/load 4, 104, 0;
    %flag_set/imm 4, 0;
    %store/vec4 v00000222ac7f3cb0_0, 4, 8;
    %pushi/vec4 0, 0, 1;
    %store/vec4 v00000222ac7f41b0_0, 0, 1;
    %delay 160000, 0;
    %pushi/vec4 0, 0, 32;
    %store/vec4 v00000222ac7f3b70_0, 0, 32;
T_6.10 ;
    %load/vec4 v00000222ac7f3b70_0;
    %cmpi/s 16, 0, 32;
    %jmp/0xz T_6.11, 5;
    %alloc S_00000222ac7f38f0;
    %load/vec4 v00000222ac7f3cb0_0;
    %pushi/vec4 111, 0, 32;
    %load/vec4 v00000222ac7f3b70_0;
    %sub;
    %part/s 1;
    %store/vec4 v00000222ac7f51f0_0, 0, 1;
    %fork TD_tb_spi_slave_pi4.transfer_bit, S_00000222ac7f38f0;
    %join;
    %load/vec4 v00000222ac7f4250_0;
    %store/vec4 v00000222ac7f5470_0, 0, 1;
    %free S_00000222ac7f38f0;
    %load/vec4 v00000222ac7f3b70_0;
    %addi 1, 0, 32;
    %store/vec4 v00000222ac7f3b70_0, 0, 32;
    %jmp T_6.10;
T_6.11 ;
    %pushi/vec4 1, 0, 1;
    %store/vec4 v00000222ac7f41b0_0, 0, 1;
    %delay 200000, 0;
    %load/vec4 v00000222ac7f5510_0;
    %cmpi/e 1, 0, 1;
    %jmp/0xz  T_6.12, 6;
    %vpi_call/w 3 160 "$fatal", 32'sb00000000000000000000000000000001, "SPI FAIL: transacao incompleta gerou frame_valid" {0 0 0};
T_6.12 ;
    %load/vec4 v00000222ac7f4750_0;
    %addi 1, 0, 32;
    %store/vec4 v00000222ac7f4750_0, 0, 32;
    %vpi_call/w 3 163 "$display", "PASS: SPI frame incompleto rejeitado" {0 0 0};
    %load/vec4 v00000222ac7f4070_0;
    %cmpi/ne 0, 0, 32;
    %jmp/0xz  T_6.14, 4;
    %vpi_call/w 3 166 "$fatal", 32'sb00000000000000000000000000000001, "tb_spi_slave_pi4 terminou com falhas" {0 0 0};
T_6.14 ;
    %vpi_call/w 3 168 "$display", "================================================" {0 0 0};
    %vpi_call/w 3 169 "$display", "PASS tb_spi_slave_pi4" {0 0 0};
    %vpi_call/w 3 170 "$display", "TESTES: %0d | PASS: %0d | FAIL: %0d", v00000222ac7f4b10_0, v00000222ac7f4750_0, v00000222ac7f4070_0 {0 0 0};
    %vpi_call/w 3 172 "$display", "================================================" {0 0 0};
    %vpi_call/w 3 173 "$finish" {0 0 0};
    %end;
    .thread T_6;
    .scope S_00000222ac79b780;
T_7 ;
    %delay 50000000, 0;
    %vpi_call/w 3 178 "$fatal", 32'sb00000000000000000000000000000001, "Timeout: tb_spi_slave_pi4 excedeu o tempo maximo" {0 0 0};
    %end;
    .thread T_7;
# The file index is used to find the file name in the following table.
:file_names 5;
    "N/A";
    "<interactive>";
    "-";
    ".\tb_spi_slave_pi4.v";
    "..\src\spi_slave_pi4.v";
