#! /c/Source/iverilog-install/bin/vvp
:ivl_version "12.0 (devel)" "(s20150603-1539-g2693dd32b)";
:ivl_delay_selection "TYPICAL";
:vpi_time_precision - 12;
:vpi_module "C:\iverilog\lib\ivl\system.vpi";
:vpi_module "C:\iverilog\lib\ivl\vhdl_sys.vpi";
:vpi_module "C:\iverilog\lib\ivl\vhdl_textio.vpi";
:vpi_module "C:\iverilog\lib\ivl\v2005_math.vpi";
:vpi_module "C:\iverilog\lib\ivl\va_math.vpi";
:vpi_module "C:\iverilog\lib\ivl\v2009.vpi";
S_000001a8ab014570 .scope package, "$unit" "$unit" 2 1;
 .timescale 0 0;
S_000001a8ab031e00 .scope module, "tb_sensor_dsp" "tb_sensor_dsp" 3 6;
 .timescale -9 -12;
v000001a8ab0a30a0_0 .var "clk", 0 0;
v000001a8ab0a4cc0_0 .net "data_valid", 0 0, v000001a8ab0a4040_0;  1 drivers
v000001a8ab0a4860_0 .var "lm35_adc", 9 0;
v000001a8ab0a4540_0 .net "lm35_raw", 15 0, v000001a8ab0a3320_0;  1 drivers
v000001a8ab0a3f00_0 .net "lm35_temp_x10", 15 0, v000001a8ab0a2ec0_0;  1 drivers
v000001a8ab0a45e0_0 .var "pot_adc", 9 0;
v000001a8ab0a36e0_0 .net "pot_percent", 7 0, v000001a8ab0a4ae0_0;  1 drivers
v000001a8ab0a3a00_0 .net "pot_raw", 15 0, v000001a8ab0a2f60_0;  1 drivers
v000001a8ab0a47c0_0 .var "rst_n", 0 0;
v000001a8ab0a3140_0 .var "sample_valid", 0 0;
v000001a8ab0a49a0_0 .var/i "tests_failed", 31 0;
v000001a8ab0a3fa0_0 .var/i "tests_passed", 31 0;
v000001a8ab0a3be0_0 .var/i "tests_total", 31 0;
E_000001a8ab03af90 .event posedge, v000001a8ab0a35a0_0;
S_000001a8ab031f90 .scope autotask, "apply_sample" "apply_sample" 3 39, 3 39 0, S_000001a8ab031e00;
 .timescale -9 -12;
v000001a8ab013640_0 .var "p_adc", 9 0;
v000001a8ab014360_0 .var "t_adc", 9 0;
E_000001a8ab03aa50 .event negedge, v000001a8ab0a35a0_0;
TD_tb_sensor_dsp.apply_sample ;
    %wait E_000001a8ab03aa50;
    %load/vec4 v000001a8ab014360_0;
    %store/vec4 v000001a8ab0a4860_0, 0, 10;
    %load/vec4 v000001a8ab013640_0;
    %store/vec4 v000001a8ab0a45e0_0, 0, 10;
    %pushi/vec4 1, 0, 1;
    %store/vec4 v000001a8ab0a3140_0, 0, 1;
    %wait E_000001a8ab03aa50;
    %pushi/vec4 0, 0, 1;
    %store/vec4 v000001a8ab0a3140_0, 0, 1;
    %end;
S_000001a8aafe25b0 .scope autotask, "check_raw_and_percent" "check_raw_and_percent" 3 69, 3 69 0, S_000001a8ab031e00;
 .timescale -9 -12;
v000001a8ab014180_0 .var "expected_pot", 7 0;
v000001a8ab013820_0 .var "name", 383 0;
v000001a8ab014040_0 .var "p_adc", 9 0;
v000001a8ab013c80_0 .var "t_adc", 9 0;
TD_tb_sensor_dsp.check_raw_and_percent ;
    %alloc S_000001a8ab031f90;
    %load/vec4 v000001a8ab013c80_0;
    %store/vec4 v000001a8ab014360_0, 0, 10;
    %load/vec4 v000001a8ab014040_0;
    %store/vec4 v000001a8ab013640_0, 0, 10;
    %fork TD_tb_sensor_dsp.apply_sample, S_000001a8ab031f90;
    %join;
    %free S_000001a8ab031f90;
    %alloc S_000001a8ab0a51f0;
    %fork TD_tb_sensor_dsp.wait_data_valid, S_000001a8ab0a51f0;
    %join;
    %free S_000001a8ab0a51f0;
    %load/vec4 v000001a8ab0a3be0_0;
    %addi 1, 0, 32;
    %store/vec4 v000001a8ab0a3be0_0, 0, 32;
    %load/vec4 v000001a8ab0a4540_0;
    %pushi/vec4 0, 0, 6;
    %load/vec4 v000001a8ab013c80_0;
    %concat/vec4; draw_concat_vec4
    %cmp/ne;
    %jmp/0xz  T_1.0, 6;
    %vpi_call/w 3 81 "$fatal", 32'sb00000000000000000000000000000001, "DSP FAIL: %s | LM35 raw esperado=%0d recebido=%0d", v000001a8ab013820_0, v000001a8ab013c80_0, v000001a8ab0a4540_0 {0 0 0};
T_1.0 ;
    %load/vec4 v000001a8ab0a3a00_0;
    %pushi/vec4 0, 0, 6;
    %load/vec4 v000001a8ab014040_0;
    %concat/vec4; draw_concat_vec4
    %cmp/ne;
    %jmp/0xz  T_1.2, 6;
    %vpi_call/w 3 86 "$fatal", 32'sb00000000000000000000000000000001, "DSP FAIL: %s | POT raw esperado=%0d recebido=%0d", v000001a8ab013820_0, v000001a8ab014040_0, v000001a8ab0a3a00_0 {0 0 0};
T_1.2 ;
    %load/vec4 v000001a8ab0a36e0_0;
    %load/vec4 v000001a8ab014180_0;
    %cmp/ne;
    %jmp/0xz  T_1.4, 6;
    %vpi_call/w 3 91 "$fatal", 32'sb00000000000000000000000000000001, "DSP FAIL: %s | POT percent esperado=%0d recebido=%0d", v000001a8ab013820_0, v000001a8ab014180_0, v000001a8ab0a36e0_0 {0 0 0};
T_1.4 ;
    %load/vec4 v000001a8ab0a3f00_0;
    %xor/r;
    %cmpi/e 1, 1, 1;
    %jmp/0xz  T_1.6, 6;
    %vpi_call/w 3 98 "$fatal", 32'sb00000000000000000000000000000001, "DSP FAIL: %s | temperatura contem X/Z", v000001a8ab013820_0 {0 0 0};
T_1.6 ;
    %load/vec4 v000001a8ab0a3fa0_0;
    %addi 1, 0, 32;
    %store/vec4 v000001a8ab0a3fa0_0, 0, 32;
    %vpi_call/w 3 101 "$display", "PASS: DSP %s", v000001a8ab013820_0 {0 0 0};
    %end;
S_000001a8aafe2740 .scope module, "dut" "sensor_dsp" 3 26, 4 23 0, S_000001a8ab031e00;
 .timescale -9 -12;
    .port_info 0 /INPUT 1 "clk";
    .port_info 1 /INPUT 1 "rst_n";
    .port_info 2 /INPUT 1 "sample_valid";
    .port_info 3 /INPUT 10 "lm35_adc";
    .port_info 4 /INPUT 10 "pot_adc";
    .port_info 5 /OUTPUT 16 "lm35_temp_x10";
    .port_info 6 /OUTPUT 8 "pot_percent";
    .port_info 7 /OUTPUT 16 "lm35_raw";
    .port_info 8 /OUTPUT 16 "pot_raw";
    .port_info 9 /OUTPUT 1 "data_valid";
P_000001a8aafe2c20 .param/l "ADC_MAX" 0 4 24, +C4<00000000000000000000001111111111>;
P_000001a8aafe2c58 .param/l "LM35_SCALE_X10" 0 4 25, +C4<00000000000000000000110011100100>;
P_000001a8aafe2c90 .param/l "POT_SCALE_PERCENT" 0 4 26, +C4<00000000000000000000000001100100>;
v000001a8ab013960_0 .net *"_ivl_0", 31 0, L_000001a8ab0a4360;  1 drivers
v000001a8ab013d20_0 .net *"_ivl_10", 31 0, L_000001a8ab0a3780;  1 drivers
L_000001a8ab0d0118 .functor BUFT 1, C4<0000000000000000000000>, C4<0>, C4<0>, C4<0>;
v000001a8ab014400_0 .net *"_ivl_13", 21 0, L_000001a8ab0d0118;  1 drivers
L_000001a8ab0d0160 .functor BUFT 1, C4<00000000000000000000000001100100>, C4<0>, C4<0>, C4<0>;
v000001a8ab013a00_0 .net/2u *"_ivl_14", 31 0, L_000001a8ab0d0160;  1 drivers
v000001a8ab0136e0_0 .net *"_ivl_17", 31 0, L_000001a8ab0a3b40;  1 drivers
L_000001a8ab0d01a8 .functor BUFT 1, C4<0>, C4<0>, C4<0>, C4<0>;
v000001a8ab013aa0_0 .net/2u *"_ivl_20", 0 0, L_000001a8ab0d01a8;  1 drivers
v000001a8ab013b40_0 .net *"_ivl_22", 22 0, L_000001a8ab0a3820;  1 drivers
L_000001a8ab0d01f0 .functor BUFT 1, C4<00000000000000111111111>, C4<0>, C4<0>, C4<0>;
v000001a8ab013dc0_0 .net/2u *"_ivl_24", 22 0, L_000001a8ab0d01f0;  1 drivers
L_000001a8ab0d0238 .functor BUFT 1, C4<0>, C4<0>, C4<0>, C4<0>;
v000001a8ab013e60_0 .net/2u *"_ivl_28", 0 0, L_000001a8ab0d0238;  1 drivers
L_000001a8ab0d0088 .functor BUFT 1, C4<0000000000000000000000>, C4<0>, C4<0>, C4<0>;
v000001a8ab013fa0_0 .net *"_ivl_3", 21 0, L_000001a8ab0d0088;  1 drivers
v000001a8ab013f00_0 .net *"_ivl_30", 17 0, L_000001a8ab0a3280;  1 drivers
L_000001a8ab0d0280 .functor BUFT 1, C4<000000000111111111>, C4<0>, C4<0>, C4<0>;
v000001a8ab0140e0_0 .net/2u *"_ivl_32", 17 0, L_000001a8ab0d0280;  1 drivers
L_000001a8ab0d02c8 .functor BUFT 1, C4<00000000000001111111111>, C4<0>, C4<0>, C4<0>;
v000001a8ab0a4180_0 .net/2u *"_ivl_36", 22 0, L_000001a8ab0d02c8;  1 drivers
L_000001a8ab0d00d0 .functor BUFT 1, C4<00000000000000000000110011100100>, C4<0>, C4<0>, C4<0>;
v000001a8ab0a3c80_0 .net/2u *"_ivl_4", 31 0, L_000001a8ab0d00d0;  1 drivers
L_000001a8ab0d0310 .functor BUFT 1, C4<000000001111111111>, C4<0>, C4<0>, C4<0>;
v000001a8ab0a3d20_0 .net/2u *"_ivl_40", 17 0, L_000001a8ab0d0310;  1 drivers
v000001a8ab0a3aa0_0 .net *"_ivl_7", 31 0, L_000001a8ab0a40e0;  1 drivers
v000001a8ab0a35a0_0 .net "clk", 0 0, v000001a8ab0a30a0_0;  1 drivers
v000001a8ab0a4040_0 .var "data_valid", 0 0;
v000001a8ab0a4680_0 .net "lm35_adc", 9 0, v000001a8ab0a4860_0;  1 drivers
v000001a8ab0a44a0_0 .net "lm35_div_result", 22 0, L_000001a8ab0a3960;  1 drivers
v000001a8ab0a4720_0 .net "lm35_product", 21 0, L_000001a8ab0a4a40;  1 drivers
v000001a8ab0a3320_0 .var "lm35_raw", 15 0;
v000001a8ab0a33c0_0 .net "lm35_round_sum", 22 0, L_000001a8ab0a4400;  1 drivers
v000001a8ab0a2e20_0 .net "lm35_scaled", 21 0, L_000001a8ab0a4220;  1 drivers
v000001a8ab0a2ec0_0 .var "lm35_temp_x10", 15 0;
v000001a8ab0a3dc0_0 .net "pot_adc", 9 0, v000001a8ab0a45e0_0;  1 drivers
v000001a8ab0a3460_0 .net "pot_div_result", 17 0, L_000001a8ab0a31e0;  1 drivers
v000001a8ab0a4ae0_0 .var "pot_percent", 7 0;
v000001a8ab0a3e60_0 .net "pot_product", 16 0, L_000001a8ab0a4b80;  1 drivers
v000001a8ab0a2f60_0 .var "pot_raw", 15 0;
v000001a8ab0a3640_0 .net "pot_round_sum", 17 0, L_000001a8ab0a38c0;  1 drivers
v000001a8ab0a3000_0 .net "pot_scaled", 16 0, L_000001a8ab0b8150;  1 drivers
v000001a8ab0a3500_0 .net "rst_n", 0 0, v000001a8ab0a47c0_0;  1 drivers
v000001a8ab0a4c20_0 .net "sample_valid", 0 0, v000001a8ab0a3140_0;  1 drivers
E_000001a8ab03ae50/0 .event negedge, v000001a8ab0a3500_0;
E_000001a8ab03ae50/1 .event posedge, v000001a8ab0a35a0_0;
E_000001a8ab03ae50 .event/or E_000001a8ab03ae50/0, E_000001a8ab03ae50/1;
L_000001a8ab0a4360 .concat [ 10 22 0 0], v000001a8ab0a4860_0, L_000001a8ab0d0088;
L_000001a8ab0a40e0 .arith/mult 32, L_000001a8ab0a4360, L_000001a8ab0d00d0;
L_000001a8ab0a4a40 .part L_000001a8ab0a40e0, 0, 22;
L_000001a8ab0a3780 .concat [ 10 22 0 0], v000001a8ab0a45e0_0, L_000001a8ab0d0118;
L_000001a8ab0a3b40 .arith/mult 32, L_000001a8ab0a3780, L_000001a8ab0d0160;
L_000001a8ab0a4b80 .part L_000001a8ab0a3b40, 0, 17;
L_000001a8ab0a3820 .concat [ 22 1 0 0], L_000001a8ab0a4a40, L_000001a8ab0d01a8;
L_000001a8ab0a4400 .arith/sum 23, L_000001a8ab0a3820, L_000001a8ab0d01f0;
L_000001a8ab0a3280 .concat [ 17 1 0 0], L_000001a8ab0a4b80, L_000001a8ab0d0238;
L_000001a8ab0a38c0 .arith/sum 18, L_000001a8ab0a3280, L_000001a8ab0d0280;
L_000001a8ab0a3960 .arith/div 23, L_000001a8ab0a4400, L_000001a8ab0d02c8;
L_000001a8ab0a31e0 .arith/div 18, L_000001a8ab0a38c0, L_000001a8ab0d0310;
L_000001a8ab0a4220 .part L_000001a8ab0a3960, 0, 22;
L_000001a8ab0b8150 .part L_000001a8ab0a31e0, 0, 17;
S_000001a8ab0a51f0 .scope autotask, "wait_data_valid" "wait_data_valid" 3 53, 3 53 0, S_000001a8ab031e00;
 .timescale -9 -12;
v000001a8ab0a4900_0 .var/i "i", 31 0;
v000001a8ab0a42c0_0 .var "seen", 0 0;
TD_tb_sensor_dsp.wait_data_valid ;
    %pushi/vec4 0, 0, 1;
    %store/vec4 v000001a8ab0a42c0_0, 0, 1;
    %pushi/vec4 0, 0, 32;
    %store/vec4 v000001a8ab0a4900_0, 0, 32;
T_2.8 ;
    %load/vec4 v000001a8ab0a4900_0;
    %cmpi/s 20, 0, 32;
    %jmp/0xz T_2.9, 5;
    %wait E_000001a8ab03af90;
    %load/vec4 v000001a8ab0a4cc0_0;
    %flag_set/vec4 8;
    %jmp/0xz  T_2.10, 8;
    %pushi/vec4 1, 0, 1;
    %store/vec4 v000001a8ab0a42c0_0, 0, 1;
T_2.10 ;
    %load/vec4 v000001a8ab0a4900_0;
    %addi 1, 0, 32;
    %store/vec4 v000001a8ab0a4900_0, 0, 32;
    %jmp T_2.8;
T_2.9 ;
    %load/vec4 v000001a8ab0a42c0_0;
    %nor/r;
    %flag_set/vec4 8;
    %jmp/0xz  T_2.12, 8;
    %vpi_call/w 3 65 "$fatal", 32'sb00000000000000000000000000000001, "DSP FAIL: timeout aguardando data_valid" {0 0 0};
T_2.12 ;
    %end;
    .scope S_000001a8aafe2740;
T_3 ;
    %wait E_000001a8ab03ae50;
    %load/vec4 v000001a8ab0a3500_0;
    %nor/r;
    %flag_set/vec4 8;
    %jmp/0xz  T_3.0, 8;
    %pushi/vec4 0, 0, 16;
    %assign/vec4 v000001a8ab0a2ec0_0, 0;
    %pushi/vec4 0, 0, 8;
    %assign/vec4 v000001a8ab0a4ae0_0, 0;
    %pushi/vec4 0, 0, 16;
    %assign/vec4 v000001a8ab0a3320_0, 0;
    %pushi/vec4 0, 0, 16;
    %assign/vec4 v000001a8ab0a2f60_0, 0;
    %pushi/vec4 0, 0, 1;
    %assign/vec4 v000001a8ab0a4040_0, 0;
    %jmp T_3.1;
T_3.0 ;
    %pushi/vec4 0, 0, 1;
    %assign/vec4 v000001a8ab0a4040_0, 0;
    %load/vec4 v000001a8ab0a4c20_0;
    %flag_set/vec4 8;
    %jmp/0xz  T_3.2, 8;
    %load/vec4 v000001a8ab0a2e20_0;
    %parti/s 16, 0, 2;
    %assign/vec4 v000001a8ab0a2ec0_0, 0;
    %load/vec4 v000001a8ab0a3000_0;
    %cmpi/u 100, 0, 17;
    %flag_or 5, 4; GT is !LE
    %flag_inv 5;
    %flag_mov 8, 5;
    %jmp/0 T_3.4, 8;
    %pushi/vec4 100, 0, 8;
    %jmp/1 T_3.5, 8;
T_3.4 ; End of true expr.
    %load/vec4 v000001a8ab0a3000_0;
    %parti/s 8, 0, 2;
    %jmp/0 T_3.5, 8;
 ; End of false expr.
    %blend;
T_3.5;
    %assign/vec4 v000001a8ab0a4ae0_0, 0;
    %pushi/vec4 0, 0, 6;
    %load/vec4 v000001a8ab0a4680_0;
    %concat/vec4; draw_concat_vec4
    %assign/vec4 v000001a8ab0a3320_0, 0;
    %pushi/vec4 0, 0, 6;
    %load/vec4 v000001a8ab0a3dc0_0;
    %concat/vec4; draw_concat_vec4
    %assign/vec4 v000001a8ab0a2f60_0, 0;
    %pushi/vec4 1, 0, 1;
    %assign/vec4 v000001a8ab0a4040_0, 0;
T_3.2 ;
T_3.1 ;
    %jmp T_3;
    .thread T_3;
    .scope S_000001a8ab031e00;
T_4 ;
    %pushi/vec4 0, 0, 1;
    %store/vec4 v000001a8ab0a30a0_0, 0, 1;
    %pushi/vec4 0, 0, 1;
    %store/vec4 v000001a8ab0a47c0_0, 0, 1;
    %pushi/vec4 0, 0, 1;
    %store/vec4 v000001a8ab0a3140_0, 0, 1;
    %pushi/vec4 0, 0, 10;
    %store/vec4 v000001a8ab0a4860_0, 0, 10;
    %pushi/vec4 0, 0, 10;
    %store/vec4 v000001a8ab0a45e0_0, 0, 10;
    %end;
    .thread T_4, $init;
    .scope S_000001a8ab031e00;
T_5 ;
    %delay 5000, 0;
    %load/vec4 v000001a8ab0a30a0_0;
    %inv;
    %store/vec4 v000001a8ab0a30a0_0, 0, 1;
    %jmp T_5;
    .thread T_5;
    .scope S_000001a8ab031e00;
T_6 ;
    %vpi_call/w 3 106 "$dumpfile", "./tb_sensor_dsp.vcd" {0 0 0};
    %vpi_call/w 3 107 "$dumpvars", 32'sb00000000000000000000000000000000, S_000001a8ab031e00 {0 0 0};
    %pushi/vec4 0, 0, 32;
    %store/vec4 v000001a8ab0a3be0_0, 0, 32;
    %pushi/vec4 0, 0, 32;
    %store/vec4 v000001a8ab0a3fa0_0, 0, 32;
    %pushi/vec4 0, 0, 32;
    %store/vec4 v000001a8ab0a49a0_0, 0, 32;
    %vpi_call/w 3 113 "$display", "================================================" {0 0 0};
    %vpi_call/w 3 114 "$display", "TESTE: tb_sensor_dsp" {0 0 0};
    %vpi_call/w 3 115 "$display", "================================================" {0 0 0};
    %delay 20000, 0;
    %pushi/vec4 1, 0, 1;
    %store/vec4 v000001a8ab0a47c0_0, 0, 1;
    %alloc S_000001a8aafe25b0;
    %pushi/vec4 77, 0, 10;
    %store/vec4 v000001a8ab013c80_0, 0, 10;
    %pushi/vec4 512, 0, 10;
    %store/vec4 v000001a8ab014040_0, 0, 10;
    %pushi/vec4 50, 0, 8;
    %store/vec4 v000001a8ab014180_0, 0, 8;
    %pushi/vec4 0, 0, 32; draw_string_vec4
    %pushi/vec4 0, 0, 32; draw_string_vec4
    %concat/vec4; draw_string_vec4
    %pushi/vec4 0, 0, 32; draw_string_vec4
    %concat/vec4; draw_string_vec4
    %pushi/vec4 0, 0, 32; draw_string_vec4
    %concat/vec4; draw_string_vec4
    %pushi/vec4 76, 0, 32; draw_string_vec4
    %concat/vec4; draw_string_vec4
    %pushi/vec4 1295201568, 0, 32; draw_string_vec4
    %concat/vec4; draw_string_vec4
    %pushi/vec4 1634759279, 0, 32; draw_string_vec4
    %concat/vec4; draw_string_vec4
    %pushi/vec4 2020175201, 0, 32; draw_string_vec4
    %concat/vec4; draw_string_vec4
    %pushi/vec4 1685004338, 0, 32; draw_string_vec4
    %concat/vec4; draw_string_vec4
    %pushi/vec4 891306784, 0, 32; draw_string_vec4
    %concat/vec4; draw_string_vec4
    %pushi/vec4 1696616527, 0, 32; draw_string_vec4
    %concat/vec4; draw_string_vec4
    %pushi/vec4 1411396912, 0, 32; draw_string_vec4
    %concat/vec4; draw_string_vec4
    %store/vec4 v000001a8ab013820_0, 0, 384;
    %fork TD_tb_sensor_dsp.check_raw_and_percent, S_000001a8aafe25b0;
    %join;
    %free S_000001a8aafe25b0;
    %alloc S_000001a8aafe25b0;
    %pushi/vec4 0, 0, 10;
    %store/vec4 v000001a8ab013c80_0, 0, 10;
    %pushi/vec4 1023, 0, 10;
    %store/vec4 v000001a8ab014040_0, 0, 10;
    %pushi/vec4 100, 0, 8;
    %store/vec4 v000001a8ab014180_0, 0, 8;
    %pushi/vec4 0, 0, 32; draw_string_vec4
    %pushi/vec4 0, 0, 32; draw_string_vec4
    %concat/vec4; draw_string_vec4
    %pushi/vec4 0, 0, 32; draw_string_vec4
    %concat/vec4; draw_string_vec4
    %pushi/vec4 0, 0, 32; draw_string_vec4
    %concat/vec4; draw_string_vec4
    %pushi/vec4 0, 0, 32; draw_string_vec4
    %concat/vec4; draw_string_vec4
    %pushi/vec4 0, 0, 32; draw_string_vec4
    %concat/vec4; draw_string_vec4
    %pushi/vec4 0, 0, 32; draw_string_vec4
    %concat/vec4; draw_string_vec4
    %pushi/vec4 5000499, 0, 32; draw_string_vec4
    %concat/vec4; draw_string_vec4
    %pushi/vec4 891320933, 0, 32; draw_string_vec4
    %concat/vec4; draw_string_vec4
    %pushi/vec4 1919885413, 0, 32; draw_string_vec4
    %concat/vec4; draw_string_vec4
    %pushi/vec4 542134100, 0, 32; draw_string_vec4
    %concat/vec4; draw_string_vec4
    %pushi/vec4 540094512, 0, 32; draw_string_vec4
    %concat/vec4; draw_string_vec4
    %store/vec4 v000001a8ab013820_0, 0, 384;
    %fork TD_tb_sensor_dsp.check_raw_and_percent, S_000001a8aafe25b0;
    %join;
    %free S_000001a8aafe25b0;
    %alloc S_000001a8aafe25b0;
    %pushi/vec4 1, 0, 10;
    %store/vec4 v000001a8ab013c80_0, 0, 10;
    %pushi/vec4 0, 0, 10;
    %store/vec4 v000001a8ab014040_0, 0, 10;
    %pushi/vec4 0, 0, 8;
    %store/vec4 v000001a8ab014180_0, 0, 8;
    %pushi/vec4 0, 0, 32; draw_string_vec4
    %pushi/vec4 0, 0, 32; draw_string_vec4
    %concat/vec4; draw_string_vec4
    %pushi/vec4 0, 0, 32; draw_string_vec4
    %concat/vec4; draw_string_vec4
    %pushi/vec4 0, 0, 32; draw_string_vec4
    %concat/vec4; draw_string_vec4
    %pushi/vec4 0, 0, 32; draw_string_vec4
    %concat/vec4; draw_string_vec4
    %pushi/vec4 0, 0, 32; draw_string_vec4
    %concat/vec4; draw_string_vec4
    %pushi/vec4 0, 0, 32; draw_string_vec4
    %concat/vec4; draw_string_vec4
    %pushi/vec4 0, 0, 32; draw_string_vec4
    %concat/vec4; draw_string_vec4
    %pushi/vec4 0, 0, 32; draw_string_vec4
    %concat/vec4; draw_string_vec4
    %pushi/vec4 16708, 0, 32; draw_string_vec4
    %concat/vec4; draw_string_vec4
    %pushi/vec4 1126198633, 0, 32; draw_string_vec4
    %concat/vec4; draw_string_vec4
    %pushi/vec4 1852403055, 0, 32; draw_string_vec4
    %concat/vec4; draw_string_vec4
    %store/vec4 v000001a8ab013820_0, 0, 384;
    %fork TD_tb_sensor_dsp.check_raw_and_percent, S_000001a8aafe25b0;
    %join;
    %free S_000001a8aafe25b0;
    %alloc S_000001a8aafe25b0;
    %pushi/vec4 76, 0, 10;
    %store/vec4 v000001a8ab013c80_0, 0, 10;
    %pushi/vec4 77, 0, 10;
    %store/vec4 v000001a8ab014040_0, 0, 10;
    %pushi/vec4 7, 0, 8;
    %store/vec4 v000001a8ab014180_0, 0, 8;
    %pushi/vec4 0, 0, 32; draw_string_vec4
    %pushi/vec4 0, 0, 32; draw_string_vec4
    %concat/vec4; draw_string_vec4
    %pushi/vec4 0, 0, 32; draw_string_vec4
    %concat/vec4; draw_string_vec4
    %pushi/vec4 0, 0, 32; draw_string_vec4
    %concat/vec4; draw_string_vec4
    %pushi/vec4 0, 0, 32; draw_string_vec4
    %concat/vec4; draw_string_vec4
    %pushi/vec4 0, 0, 32; draw_string_vec4
    %concat/vec4; draw_string_vec4
    %pushi/vec4 7369327, 0, 32; draw_string_vec4
    %concat/vec4; draw_string_vec4
    %pushi/vec4 2020175215, 0, 32; draw_string_vec4
    %concat/vec4; draw_string_vec4
    %pushi/vec4 543975789, 0, 32; draw_string_vec4
    %concat/vec4; draw_string_vec4
    %pushi/vec4 1769235744, 0, 32; draw_string_vec4
    %concat/vec4; draw_string_vec4
    %pushi/vec4 1768842853, 0, 32; draw_string_vec4
    %concat/vec4; draw_string_vec4
    %pushi/vec4 1919512434, 0, 32; draw_string_vec4
    %concat/vec4; draw_string_vec4
    %store/vec4 v000001a8ab013820_0, 0, 384;
    %fork TD_tb_sensor_dsp.check_raw_and_percent, S_000001a8aafe25b0;
    %join;
    %free S_000001a8aafe25b0;
    %alloc S_000001a8aafe25b0;
    %pushi/vec4 78, 0, 10;
    %store/vec4 v000001a8ab013c80_0, 0, 10;
    %pushi/vec4 513, 0, 10;
    %store/vec4 v000001a8ab014040_0, 0, 10;
    %pushi/vec4 50, 0, 8;
    %store/vec4 v000001a8ab014180_0, 0, 8;
    %pushi/vec4 0, 0, 32; draw_string_vec4
    %pushi/vec4 0, 0, 32; draw_string_vec4
    %concat/vec4; draw_string_vec4
    %pushi/vec4 0, 0, 32; draw_string_vec4
    %concat/vec4; draw_string_vec4
    %pushi/vec4 0, 0, 32; draw_string_vec4
    %concat/vec4; draw_string_vec4
    %pushi/vec4 0, 0, 32; draw_string_vec4
    %concat/vec4; draw_string_vec4
    %pushi/vec4 0, 0, 32; draw_string_vec4
    %concat/vec4; draw_string_vec4
    %pushi/vec4 7369327, 0, 32; draw_string_vec4
    %concat/vec4; draw_string_vec4
    %pushi/vec4 2020175215, 0, 32; draw_string_vec4
    %concat/vec4; draw_string_vec4
    %pushi/vec4 543975789, 0, 32; draw_string_vec4
    %concat/vec4; draw_string_vec4
    %pushi/vec4 1769235744, 0, 32; draw_string_vec4
    %concat/vec4; draw_string_vec4
    %pushi/vec4 1937076325, 0, 32; draw_string_vec4
    %concat/vec4; draw_string_vec4
    %pushi/vec4 1919512434, 0, 32; draw_string_vec4
    %concat/vec4; draw_string_vec4
    %store/vec4 v000001a8ab013820_0, 0, 384;
    %fork TD_tb_sensor_dsp.check_raw_and_percent, S_000001a8aafe25b0;
    %join;
    %free S_000001a8aafe25b0;
    %alloc S_000001a8aafe25b0;
    %pushi/vec4 511, 0, 10;
    %store/vec4 v000001a8ab013c80_0, 0, 10;
    %pushi/vec4 511, 0, 10;
    %store/vec4 v000001a8ab014040_0, 0, 10;
    %pushi/vec4 50, 0, 8;
    %store/vec4 v000001a8ab014180_0, 0, 8;
    %pushi/vec4 0, 0, 32; draw_string_vec4
    %pushi/vec4 0, 0, 32; draw_string_vec4
    %concat/vec4; draw_string_vec4
    %pushi/vec4 0, 0, 32; draw_string_vec4
    %concat/vec4; draw_string_vec4
    %pushi/vec4 0, 0, 32; draw_string_vec4
    %concat/vec4; draw_string_vec4
    %pushi/vec4 0, 0, 32; draw_string_vec4
    %concat/vec4; draw_string_vec4
    %pushi/vec4 0, 0, 32; draw_string_vec4
    %concat/vec4; draw_string_vec4
    %pushi/vec4 0, 0, 32; draw_string_vec4
    %concat/vec4; draw_string_vec4
    %pushi/vec4 0, 0, 32; draw_string_vec4
    %concat/vec4; draw_string_vec4
    %pushi/vec4 28005, 0, 32; draw_string_vec4
    %concat/vec4; draw_string_vec4
    %pushi/vec4 1768890468, 0, 32; draw_string_vec4
    %concat/vec4; draw_string_vec4
    %pushi/vec4 1696621939, 0, 32; draw_string_vec4
    %concat/vec4; draw_string_vec4
    %pushi/vec4 1667329121, 0, 32; draw_string_vec4
    %concat/vec4; draw_string_vec4
    %store/vec4 v000001a8ab013820_0, 0, 384;
    %fork TD_tb_sensor_dsp.check_raw_and_percent, S_000001a8aafe25b0;
    %join;
    %free S_000001a8aafe25b0;
    %alloc S_000001a8aafe25b0;
    %pushi/vec4 1022, 0, 10;
    %store/vec4 v000001a8ab013c80_0, 0, 10;
    %pushi/vec4 1022, 0, 10;
    %store/vec4 v000001a8ab014040_0, 0, 10;
    %pushi/vec4 99, 0, 8;
    %store/vec4 v000001a8ab014180_0, 0, 8;
    %pushi/vec4 0, 0, 32; draw_string_vec4
    %pushi/vec4 0, 0, 32; draw_string_vec4
    %concat/vec4; draw_string_vec4
    %pushi/vec4 0, 0, 32; draw_string_vec4
    %concat/vec4; draw_string_vec4
    %pushi/vec4 0, 0, 32; draw_string_vec4
    %concat/vec4; draw_string_vec4
    %pushi/vec4 0, 0, 32; draw_string_vec4
    %concat/vec4; draw_string_vec4
    %pushi/vec4 0, 0, 32; draw_string_vec4
    %concat/vec4; draw_string_vec4
    %pushi/vec4 0, 0, 32; draw_string_vec4
    %concat/vec4; draw_string_vec4
    %pushi/vec4 0, 0, 32; draw_string_vec4
    %concat/vec4; draw_string_vec4
    %pushi/vec4 28786, 0, 32; draw_string_vec4
    %concat/vec4; draw_string_vec4
    %pushi/vec4 1870162285, 0, 32; draw_string_vec4
    %concat/vec4; draw_string_vec4
    %pushi/vec4 1864396129, 0, 32; draw_string_vec4
    %concat/vec4; draw_string_vec4
    %pushi/vec4 2020175215, 0, 32; draw_string_vec4
    %concat/vec4; draw_string_vec4
    %store/vec4 v000001a8ab013820_0, 0, 384;
    %fork TD_tb_sensor_dsp.check_raw_and_percent, S_000001a8aafe25b0;
    %join;
    %free S_000001a8aafe25b0;
    %alloc S_000001a8aafe25b0;
    %pushi/vec4 1023, 0, 10;
    %store/vec4 v000001a8ab013c80_0, 0, 10;
    %pushi/vec4 1023, 0, 10;
    %store/vec4 v000001a8ab014040_0, 0, 10;
    %pushi/vec4 100, 0, 8;
    %store/vec4 v000001a8ab014180_0, 0, 8;
    %pushi/vec4 0, 0, 32; draw_string_vec4
    %pushi/vec4 0, 0, 32; draw_string_vec4
    %concat/vec4; draw_string_vec4
    %pushi/vec4 0, 0, 32; draw_string_vec4
    %concat/vec4; draw_string_vec4
    %pushi/vec4 0, 0, 32; draw_string_vec4
    %concat/vec4; draw_string_vec4
    %pushi/vec4 0, 0, 32; draw_string_vec4
    %concat/vec4; draw_string_vec4
    %pushi/vec4 0, 0, 32; draw_string_vec4
    %concat/vec4; draw_string_vec4
    %pushi/vec4 0, 0, 32; draw_string_vec4
    %concat/vec4; draw_string_vec4
    %pushi/vec4 0, 0, 32; draw_string_vec4
    %concat/vec4; draw_string_vec4
    %pushi/vec4 0, 0, 32; draw_string_vec4
    %concat/vec4; draw_string_vec4
    %pushi/vec4 28001, 0, 32; draw_string_vec4
    %concat/vec4; draw_string_vec4
    %pushi/vec4 2020175215, 0, 32; draw_string_vec4
    %concat/vec4; draw_string_vec4
    %pushi/vec4 541148227, 0, 32; draw_string_vec4
    %concat/vec4; draw_string_vec4
    %store/vec4 v000001a8ab013820_0, 0, 384;
    %fork TD_tb_sensor_dsp.check_raw_and_percent, S_000001a8aafe25b0;
    %join;
    %free S_000001a8aafe25b0;
    %load/vec4 v000001a8ab0a3be0_0;
    %addi 1, 0, 32;
    %store/vec4 v000001a8ab0a3be0_0, 0, 32;
    %pushi/vec4 123, 0, 10;
    %store/vec4 v000001a8ab0a4860_0, 0, 10;
    %pushi/vec4 456, 0, 10;
    %store/vec4 v000001a8ab0a45e0_0, 0, 10;
    %pushi/vec4 0, 0, 1;
    %store/vec4 v000001a8ab0a3140_0, 0, 1;
    %pushi/vec4 3, 0, 32;
T_6.0 %dup/vec4;
    %pushi/vec4 0, 0, 32;
    %cmp/s;
    %jmp/1xz T_6.1, 5;
    %jmp/1 T_6.1, 4;
    %pushi/vec4 1, 0, 32;
    %sub;
    %wait E_000001a8ab03af90;
    %jmp T_6.0;
T_6.1 ;
    %pop/vec4 1;
    %load/vec4 v000001a8ab0a4cc0_0;
    %cmpi/ne 0, 0, 1;
    %jmp/0xz  T_6.2, 6;
    %vpi_call/w 3 144 "$fatal", 32'sb00000000000000000000000000000001, "DSP FAIL: data_valid ativo sem sample_valid" {0 0 0};
T_6.2 ;
    %load/vec4 v000001a8ab0a3fa0_0;
    %addi 1, 0, 32;
    %store/vec4 v000001a8ab0a3fa0_0, 0, 32;
    %vpi_call/w 3 147 "$display", "PASS: DSP sample_valid=0 nao produz data_valid" {0 0 0};
    %load/vec4 v000001a8ab0a49a0_0;
    %cmpi/ne 0, 0, 32;
    %jmp/0xz  T_6.4, 4;
    %vpi_call/w 3 150 "$fatal", 32'sb00000000000000000000000000000001, "tb_sensor_dsp terminou com falhas" {0 0 0};
T_6.4 ;
    %vpi_call/w 3 152 "$display", "================================================" {0 0 0};
    %vpi_call/w 3 153 "$display", "PASS tb_sensor_dsp" {0 0 0};
    %vpi_call/w 3 154 "$display", "TESTES: %0d | PASS: %0d | FAIL: %0d", v000001a8ab0a3be0_0, v000001a8ab0a3fa0_0, v000001a8ab0a49a0_0 {0 0 0};
    %vpi_call/w 3 156 "$display", "================================================" {0 0 0};
    %vpi_call/w 3 157 "$finish" {0 0 0};
    %end;
    .thread T_6;
    .scope S_000001a8ab031e00;
T_7 ;
    %delay 10000000, 0;
    %vpi_call/w 3 162 "$fatal", 32'sb00000000000000000000000000000001, "Timeout: tb_sensor_dsp excedeu o tempo maximo" {0 0 0};
    %end;
    .thread T_7;
# The file index is used to find the file name in the following table.
:file_names 5;
    "N/A";
    "<interactive>";
    "-";
    ".\tb_sensor_dsp.v";
    "..\src\sensor_dsp.v";
