#! /c/Source/iverilog-install/bin/vvp
:ivl_version "12.0 (devel)" "(s20150603-1539-g2693dd32b)";
:ivl_delay_selection "TYPICAL";
:vpi_time_precision - 12;
:vpi_module "C:\iverilog\lib\ivl\system.vpi";
:vpi_module "C:\iverilog\lib\ivl\vhdl_sys.vpi";
:vpi_module "C:\iverilog\lib\ivl\vhdl_textio.vpi";
:vpi_module "C:\iverilog\lib\ivl\v2005_math.vpi";
:vpi_module "C:\iverilog\lib\ivl\va_math.vpi";
:vpi_module "C:\iverilog\lib\ivl\v2009.vpi";
S_00000195671ed1a0 .scope package, "$unit" "$unit" 2 1;
 .timescale 0 0;
S_00000195671ed740 .scope module, "tb_tp4_additions" "tb_tp4_additions" 3 5;
 .timescale -9 -12;
v00000195672735c0_0 .var "a", 15 0;
v0000019567273480_0 .var "addr", 7 0;
v00000195672729e0_0 .var "b", 15 0;
v0000019567273340_0 .net "bram_data", 15 0, v0000019567273520_0;  1 drivers
v00000195672730c0_0 .var "clk", 0 0;
v0000019567273160_0 .var "en", 0 0;
v0000019567273660_0 .var "op", 1 0;
v00000195672732a0_0 .net "ov", 0 0, L_0000019567202f20;  1 drivers
v0000019567273200_0 .var/i "tests_failed", 31 0;
v00000195672728a0_0 .var/i "tests_passed", 31 0;
v0000019567272a80_0 .var/i "tests_total", 31 0;
v0000019567285580_0 .net "y", 31 0, v0000019567272c60_0;  1 drivers
S_00000195671ee610 .scope autotask, "check_alu" "check_alu" 3 39, 3 39 0, S_00000195671ed740;
 .timescale -9 -12;
v00000195671abd70_0 .var "expected_ov", 0 0;
v00000195671ed330_0 .var "expected_y", 31 0;
v00000195671ed3d0_0 .var "name", 383 0;
v00000195671ed8d0_0 .var "t_a", 15 0;
v00000195671ed970_0 .var "t_b", 15 0;
v00000195671ee7a0_0 .var "t_op", 1 0;
TD_tb_tp4_additions.check_alu ;
    %load/vec4 v0000019567272a80_0;
    %addi 1, 0, 32;
    %store/vec4 v0000019567272a80_0, 0, 32;
    %load/vec4 v00000195671ee7a0_0;
    %store/vec4 v0000019567273660_0, 0, 2;
    %load/vec4 v00000195671ed8d0_0;
    %store/vec4 v00000195672735c0_0, 0, 16;
    %load/vec4 v00000195671ed970_0;
    %store/vec4 v00000195672729e0_0, 0, 16;
    %delay 1000, 0;
    %load/vec4 v0000019567285580_0;
    %load/vec4 v00000195671ed330_0;
    %cmp/ne;
    %jmp/1 T_0.2, 6;
    %flag_mov 8, 6;
    %load/vec4 v00000195672732a0_0;
    %load/vec4 v00000195671abd70_0;
    %cmp/ne;
    %flag_or 6, 8;
T_0.2;
    %jmp/0xz  T_0.0, 6;
    %load/vec4 v0000019567273200_0;
    %addi 1, 0, 32;
    %store/vec4 v0000019567273200_0, 0, 32;
    %vpi_call/w 3 54 "$fatal", 32'sb00000000000000000000000000000001, "ALU FAIL: %s | esperado y=%h ov=%b | recebido y=%h ov=%b", v00000195671ed3d0_0, v00000195671ed330_0, v00000195671abd70_0, v0000019567285580_0, v00000195672732a0_0 {0 0 0};
T_0.0 ;
    %load/vec4 v00000195672728a0_0;
    %addi 1, 0, 32;
    %store/vec4 v00000195672728a0_0, 0, 32;
    %vpi_call/w 3 59 "$display", "PASS: ALU %s", v00000195671ed3d0_0 {0 0 0};
    %end;
S_00000195671f9c70 .scope autotask, "check_bram" "check_bram" 3 63, 3 63 0, S_00000195671ed740;
 .timescale -9 -12;
v00000195671ee840_0 .var "expected_data", 15 0;
v00000195671f9e00_0 .var "name", 383 0;
v00000195671f9ea0_0 .var "t_addr", 7 0;
TD_tb_tp4_additions.check_bram ;
    %load/vec4 v0000019567272a80_0;
    %addi 1, 0, 32;
    %store/vec4 v0000019567272a80_0, 0, 32;
    %load/vec4 v00000195671f9ea0_0;
    %store/vec4 v0000019567273480_0, 0, 8;
    %pushi/vec4 1, 0, 1;
    %store/vec4 v0000019567273160_0, 0, 1;
    %wait E_00000195672142d0;
    %delay 1000, 0;
    %load/vec4 v0000019567273340_0;
    %load/vec4 v00000195671ee840_0;
    %cmp/ne;
    %jmp/0xz  T_1.3, 6;
    %load/vec4 v0000019567273200_0;
    %addi 1, 0, 32;
    %store/vec4 v0000019567273200_0, 0, 32;
    %vpi_call/w 3 75 "$fatal", 32'sb00000000000000000000000000000001, "BRAM FAIL: %s | addr=%0d | esperado=%h | recebido=%h", v00000195671f9e00_0, v00000195671f9ea0_0, v00000195671ee840_0, v0000019567273340_0 {0 0 0};
T_1.3 ;
    %load/vec4 v00000195672728a0_0;
    %addi 1, 0, 32;
    %store/vec4 v00000195672728a0_0, 0, 32;
    %vpi_call/w 3 80 "$display", "PASS: BRAM %s", v00000195671f9e00_0 {0 0 0};
    %end;
S_00000195671f9f40 .scope module, "dut_alu" "tp4_alu" 3 31, 4 4 0, S_00000195671ed740;
 .timescale -9 -12;
    .port_info 0 /INPUT 2 "op";
    .port_info 1 /INPUT 16 "a";
    .port_info 2 /INPUT 16 "b";
    .port_info 3 /OUTPUT 32 "y";
    .port_info 4 /OUTPUT 1 "overflow";
L_0000019567202f20 .functor AND 1, L_0000019567284a40, L_0000019567284f40, C4<1>, C4<1>;
L_00000195672b0088 .functor BUFT 1, C4<00>, C4<0>, C4<0>, C4<0>;
v00000195671fa5d0_0 .net/2u *"_ivl_0", 1 0, L_00000195672b0088;  1 drivers
v00000195671fa670_0 .net *"_ivl_2", 0 0, L_0000019567284a40;  1 drivers
v0000019567272d00_0 .net *"_ivl_5", 15 0, L_0000019567285260;  1 drivers
L_00000195672b00d0 .functor BUFT 1, C4<0000000000000000>, C4<0>, C4<0>, C4<0>;
v0000019567273700_0 .net/2u *"_ivl_6", 15 0, L_00000195672b00d0;  1 drivers
v0000019567272ee0_0 .net *"_ivl_8", 0 0, L_0000019567284f40;  1 drivers
v0000019567272b20_0 .net "a", 15 0, v00000195672735c0_0;  1 drivers
v0000019567272f80_0 .net "b", 15 0, v00000195672729e0_0;  1 drivers
v0000019567272bc0_0 .net "op", 1 0, v0000019567273660_0;  1 drivers
v0000019567272940_0 .net "overflow", 0 0, L_0000019567202f20;  alias, 1 drivers
v0000019567272c60_0 .var "y", 31 0;
E_0000019567214610 .event anyedge, v0000019567272bc0_0, v0000019567272b20_0, v0000019567272f80_0;
L_0000019567284a40 .cmp/eq 2, v0000019567273660_0, L_00000195672b0088;
L_0000019567285260 .part v0000019567272c60_0, 16, 16;
L_0000019567284f40 .cmp/ne 16, L_0000019567285260, L_00000195672b00d0;
S_00000195671fa710 .scope module, "dut_bram" "tp4_bram" 3 24, 5 5 0, S_00000195671ed740;
 .timescale -9 -12;
    .port_info 0 /INPUT 1 "clk";
    .port_info 1 /INPUT 1 "en";
    .port_info 2 /INPUT 8 "addr";
    .port_info 3 /OUTPUT 16 "data";
P_00000195671f1260 .param/l "ADDR_WIDTH" 0 5 6, +C4<00000000000000000000000000001000>;
P_00000195671f1298 .param/l "DATA_WIDTH" 0 5 7, +C4<00000000000000000000000000010000>;
v0000019567272e40_0 .net "addr", 7 0, v0000019567273480_0;  1 drivers
v0000019567272800_0 .net "clk", 0 0, v00000195672730c0_0;  1 drivers
v0000019567273520_0 .var "data", 15 0;
v00000195672733e0_0 .net "en", 0 0, v0000019567273160_0;  1 drivers
v0000019567272da0_0 .var/i "i", 31 0;
v0000019567273020 .array "lut", 255 0, 15 0;
E_00000195672142d0 .event posedge, v0000019567272800_0;
    .scope S_00000195671fa710;
T_2 ;
    %pushi/vec4 0, 0, 32;
    %store/vec4 v0000019567272da0_0, 0, 32;
T_2.0 ;
    %load/vec4 v0000019567272da0_0;
    %cmpi/s 256, 0, 32;
    %jmp/0xz T_2.1, 5;
    %load/vec4 v0000019567272da0_0;
    %cmpi/s 100, 0, 32;
    %flag_or 5, 4; GT is !LE
    %flag_inv 5;
    %flag_mov 8, 5;
    %jmp/0 T_2.2, 8;
    %pushi/vec4 100, 0, 16;
    %jmp/1 T_2.3, 8;
T_2.2 ; End of true expr.
    %load/vec4 v0000019567272da0_0;
    %parti/s 16, 0, 2;
    %jmp/0 T_2.3, 8;
 ; End of false expr.
    %blend;
T_2.3;
    %ix/getv/s 4, v0000019567272da0_0;
    %store/vec4a v0000019567273020, 4, 0;
    %load/vec4 v0000019567272da0_0;
    %addi 1, 0, 32;
    %store/vec4 v0000019567272da0_0, 0, 32;
    %jmp T_2.0;
T_2.1 ;
    %end;
    .thread T_2;
    .scope S_00000195671fa710;
T_3 ;
    %wait E_00000195672142d0;
    %load/vec4 v00000195672733e0_0;
    %flag_set/vec4 8;
    %jmp/0xz  T_3.0, 8;
    %load/vec4 v0000019567272e40_0;
    %pad/u 10;
    %ix/vec4 4;
    %load/vec4a v0000019567273020, 4;
    %assign/vec4 v0000019567273520_0, 0;
T_3.0 ;
    %jmp T_3;
    .thread T_3;
    .scope S_00000195671f9f40;
T_4 ;
    %wait E_0000019567214610;
    %load/vec4 v0000019567272bc0_0;
    %dup/vec4;
    %pushi/vec4 0, 0, 2;
    %cmp/u;
    %jmp/1 T_4.0, 6;
    %dup/vec4;
    %pushi/vec4 1, 0, 2;
    %cmp/u;
    %jmp/1 T_4.1, 6;
    %dup/vec4;
    %pushi/vec4 2, 0, 2;
    %cmp/u;
    %jmp/1 T_4.2, 6;
    %pushi/vec4 0, 0, 32;
    %store/vec4 v0000019567272c60_0, 0, 32;
    %jmp T_4.4;
T_4.0 ;
    %pushi/vec4 0, 0, 16;
    %load/vec4 v0000019567272b20_0;
    %concat/vec4; draw_concat_vec4
    %pushi/vec4 0, 0, 16;
    %load/vec4 v0000019567272f80_0;
    %concat/vec4; draw_concat_vec4
    %add;
    %store/vec4 v0000019567272c60_0, 0, 32;
    %jmp T_4.4;
T_4.1 ;
    %pushi/vec4 0, 0, 16;
    %load/vec4 v0000019567272b20_0;
    %concat/vec4; draw_concat_vec4
    %pushi/vec4 0, 0, 16;
    %load/vec4 v0000019567272f80_0;
    %concat/vec4; draw_concat_vec4
    %sub;
    %store/vec4 v0000019567272c60_0, 0, 32;
    %jmp T_4.4;
T_4.2 ;
    %load/vec4 v0000019567272b20_0;
    %pad/u 32;
    %load/vec4 v0000019567272f80_0;
    %pad/u 32;
    %mul;
    %store/vec4 v0000019567272c60_0, 0, 32;
    %jmp T_4.4;
T_4.4 ;
    %pop/vec4 1;
    %jmp T_4;
    .thread T_4, $push;
    .scope S_00000195671ed740;
T_5 ;
    %pushi/vec4 0, 0, 1;
    %store/vec4 v00000195672730c0_0, 0, 1;
    %pushi/vec4 0, 0, 1;
    %store/vec4 v0000019567273160_0, 0, 1;
    %pushi/vec4 0, 0, 8;
    %store/vec4 v0000019567273480_0, 0, 8;
    %pushi/vec4 0, 0, 2;
    %store/vec4 v0000019567273660_0, 0, 2;
    %pushi/vec4 0, 0, 16;
    %store/vec4 v00000195672735c0_0, 0, 16;
    %pushi/vec4 0, 0, 16;
    %store/vec4 v00000195672729e0_0, 0, 16;
    %end;
    .thread T_5, $init;
    .scope S_00000195671ed740;
T_6 ;
    %delay 5000, 0;
    %load/vec4 v00000195672730c0_0;
    %inv;
    %store/vec4 v00000195672730c0_0, 0, 1;
    %jmp T_6;
    .thread T_6;
    .scope S_00000195671ed740;
T_7 ;
    %vpi_call/w 3 85 "$dumpfile", "./tb_tp4_additions.vcd" {0 0 0};
    %vpi_call/w 3 86 "$dumpvars", 32'sb00000000000000000000000000000000, S_00000195671ed740 {0 0 0};
    %pushi/vec4 0, 0, 32;
    %store/vec4 v0000019567272a80_0, 0, 32;
    %pushi/vec4 0, 0, 32;
    %store/vec4 v00000195672728a0_0, 0, 32;
    %pushi/vec4 0, 0, 32;
    %store/vec4 v0000019567273200_0, 0, 32;
    %vpi_call/w 3 92 "$display", "================================================" {0 0 0};
    %vpi_call/w 3 93 "$display", "TESTE: tb_tp4_additions" {0 0 0};
    %vpi_call/w 3 94 "$display", "================================================" {0 0 0};
    %alloc S_00000195671ee610;
    %pushi/vec4 2, 0, 2;
    %store/vec4 v00000195671ee7a0_0, 0, 2;
    %pushi/vec4 12, 0, 16;
    %store/vec4 v00000195671ed8d0_0, 0, 16;
    %pushi/vec4 11, 0, 16;
    %store/vec4 v00000195671ed970_0, 0, 16;
    %pushi/vec4 132, 0, 32;
    %store/vec4 v00000195671ed330_0, 0, 32;
    %pushi/vec4 0, 0, 1;
    %store/vec4 v00000195671abd70_0, 0, 1;
    %pushi/vec4 0, 0, 32; draw_string_vec4
    %pushi/vec4 0, 0, 32; draw_string_vec4
    %concat/vec4; draw_string_vec4
    %pushi/vec4 0, 0, 32; draw_string_vec4
    %concat/vec4; draw_string_vec4
    %pushi/vec4 0, 0, 32; draw_string_vec4
    %concat/vec4; draw_string_vec4
    %pushi/vec4 0, 0, 32; draw_string_vec4
    %concat/vec4; draw_string_vec4
    %pushi/vec4 0, 0, 32; draw_string_vec4
    %concat/vec4; draw_string_vec4
    %pushi/vec4 0, 0, 32; draw_string_vec4
    %concat/vec4; draw_string_vec4
    %pushi/vec4 7173484, 0, 32; draw_string_vec4
    %concat/vec4; draw_string_vec4
    %pushi/vec4 1953067116, 0, 32; draw_string_vec4
    %concat/vec4; draw_string_vec4
    %pushi/vec4 1768120675, 0, 32; draw_string_vec4
    %concat/vec4; draw_string_vec4
    %pushi/vec4 1634672689, 0, 32; draw_string_vec4
    %concat/vec4; draw_string_vec4
    %pushi/vec4 846737713, 0, 32; draw_string_vec4
    %concat/vec4; draw_string_vec4
    %store/vec4 v00000195671ed3d0_0, 0, 384;
    %fork TD_tb_tp4_additions.check_alu, S_00000195671ee610;
    %join;
    %free S_00000195671ee610;
    %alloc S_00000195671ee610;
    %pushi/vec4 0, 0, 2;
    %store/vec4 v00000195671ee7a0_0, 0, 2;
    %pushi/vec4 0, 0, 16;
    %store/vec4 v00000195671ed8d0_0, 0, 16;
    %pushi/vec4 0, 0, 16;
    %store/vec4 v00000195671ed970_0, 0, 16;
    %pushi/vec4 0, 0, 32;
    %store/vec4 v00000195671ed330_0, 0, 32;
    %pushi/vec4 0, 0, 1;
    %store/vec4 v00000195671abd70_0, 0, 1;
    %pushi/vec4 0, 0, 32; draw_string_vec4
    %pushi/vec4 0, 0, 32; draw_string_vec4
    %concat/vec4; draw_string_vec4
    %pushi/vec4 0, 0, 32; draw_string_vec4
    %concat/vec4; draw_string_vec4
    %pushi/vec4 0, 0, 32; draw_string_vec4
    %concat/vec4; draw_string_vec4
    %pushi/vec4 0, 0, 32; draw_string_vec4
    %concat/vec4; draw_string_vec4
    %pushi/vec4 0, 0, 32; draw_string_vec4
    %concat/vec4; draw_string_vec4
    %pushi/vec4 0, 0, 32; draw_string_vec4
    %concat/vec4; draw_string_vec4
    %pushi/vec4 0, 0, 32; draw_string_vec4
    %concat/vec4; draw_string_vec4
    %pushi/vec4 0, 0, 32; draw_string_vec4
    %concat/vec4; draw_string_vec4
    %pushi/vec4 0, 0, 32; draw_string_vec4
    %concat/vec4; draw_string_vec4
    %pushi/vec4 1936682337, 0, 32; draw_string_vec4
    %concat/vec4; draw_string_vec4
    %pushi/vec4 540027696, 0, 32; draw_string_vec4
    %concat/vec4; draw_string_vec4
    %store/vec4 v00000195671ed3d0_0, 0, 384;
    %fork TD_tb_tp4_additions.check_alu, S_00000195671ee610;
    %join;
    %free S_00000195671ee610;
    %alloc S_00000195671ee610;
    %pushi/vec4 0, 0, 2;
    %store/vec4 v00000195671ee7a0_0, 0, 2;
    %pushi/vec4 1, 0, 16;
    %store/vec4 v00000195671ed8d0_0, 0, 16;
    %pushi/vec4 1, 0, 16;
    %store/vec4 v00000195671ed970_0, 0, 16;
    %pushi/vec4 2, 0, 32;
    %store/vec4 v00000195671ed330_0, 0, 32;
    %pushi/vec4 0, 0, 1;
    %store/vec4 v00000195671abd70_0, 0, 1;
    %pushi/vec4 0, 0, 32; draw_string_vec4
    %pushi/vec4 0, 0, 32; draw_string_vec4
    %concat/vec4; draw_string_vec4
    %pushi/vec4 0, 0, 32; draw_string_vec4
    %concat/vec4; draw_string_vec4
    %pushi/vec4 0, 0, 32; draw_string_vec4
    %concat/vec4; draw_string_vec4
    %pushi/vec4 0, 0, 32; draw_string_vec4
    %concat/vec4; draw_string_vec4
    %pushi/vec4 0, 0, 32; draw_string_vec4
    %concat/vec4; draw_string_vec4
    %pushi/vec4 0, 0, 32; draw_string_vec4
    %concat/vec4; draw_string_vec4
    %pushi/vec4 0, 0, 32; draw_string_vec4
    %concat/vec4; draw_string_vec4
    %pushi/vec4 0, 0, 32; draw_string_vec4
    %concat/vec4; draw_string_vec4
    %pushi/vec4 0, 0, 32; draw_string_vec4
    %concat/vec4; draw_string_vec4
    %pushi/vec4 1936682337, 0, 32; draw_string_vec4
    %concat/vec4; draw_string_vec4
    %pushi/vec4 540093233, 0, 32; draw_string_vec4
    %concat/vec4; draw_string_vec4
    %store/vec4 v00000195671ed3d0_0, 0, 384;
    %fork TD_tb_tp4_additions.check_alu, S_00000195671ee610;
    %join;
    %free S_00000195671ee610;
    %alloc S_00000195671ee610;
    %pushi/vec4 0, 0, 2;
    %store/vec4 v00000195671ee7a0_0, 0, 2;
    %pushi/vec4 65535, 0, 16;
    %store/vec4 v00000195671ed8d0_0, 0, 16;
    %pushi/vec4 1, 0, 16;
    %store/vec4 v00000195671ed970_0, 0, 16;
    %pushi/vec4 65536, 0, 32;
    %store/vec4 v00000195671ed330_0, 0, 32;
    %pushi/vec4 1, 0, 1;
    %store/vec4 v00000195671abd70_0, 0, 1;
    %pushi/vec4 0, 0, 32; draw_string_vec4
    %pushi/vec4 0, 0, 32; draw_string_vec4
    %concat/vec4; draw_string_vec4
    %pushi/vec4 0, 0, 32; draw_string_vec4
    %concat/vec4; draw_string_vec4
    %pushi/vec4 0, 0, 32; draw_string_vec4
    %concat/vec4; draw_string_vec4
    %pushi/vec4 0, 0, 32; draw_string_vec4
    %concat/vec4; draw_string_vec4
    %pushi/vec4 0, 0, 32; draw_string_vec4
    %concat/vec4; draw_string_vec4
    %pushi/vec4 0, 0, 32; draw_string_vec4
    %concat/vec4; draw_string_vec4
    %pushi/vec4 115, 0, 32; draw_string_vec4
    %concat/vec4; draw_string_vec4
    %pushi/vec4 1869439264, 0, 32; draw_string_vec4
    %concat/vec4; draw_string_vec4
    %pushi/vec4 1668246816, 0, 32; draw_string_vec4
    %concat/vec4; draw_string_vec4
    %pushi/vec4 1870030194, 0, 32; draw_string_vec4
    %concat/vec4; draw_string_vec4
    %pushi/vec4 1718382455, 0, 32; draw_string_vec4
    %concat/vec4; draw_string_vec4
    %store/vec4 v00000195671ed3d0_0, 0, 384;
    %fork TD_tb_tp4_additions.check_alu, S_00000195671ee610;
    %join;
    %free S_00000195671ee610;
    %alloc S_00000195671ee610;
    %pushi/vec4 0, 0, 2;
    %store/vec4 v00000195671ee7a0_0, 0, 2;
    %pushi/vec4 4660, 0, 16;
    %store/vec4 v00000195671ed8d0_0, 0, 16;
    %pushi/vec4 22136, 0, 16;
    %store/vec4 v00000195671ed970_0, 0, 16;
    %pushi/vec4 26796, 0, 32;
    %store/vec4 v00000195671ed330_0, 0, 32;
    %pushi/vec4 0, 0, 1;
    %store/vec4 v00000195671abd70_0, 0, 1;
    %pushi/vec4 0, 0, 32; draw_string_vec4
    %pushi/vec4 0, 0, 32; draw_string_vec4
    %concat/vec4; draw_string_vec4
    %pushi/vec4 0, 0, 32; draw_string_vec4
    %concat/vec4; draw_string_vec4
    %pushi/vec4 0, 0, 32; draw_string_vec4
    %concat/vec4; draw_string_vec4
    %pushi/vec4 0, 0, 32; draw_string_vec4
    %concat/vec4; draw_string_vec4
    %pushi/vec4 0, 0, 32; draw_string_vec4
    %concat/vec4; draw_string_vec4
    %pushi/vec4 0, 0, 32; draw_string_vec4
    %concat/vec4; draw_string_vec4
    %pushi/vec4 0, 0, 32; draw_string_vec4
    %concat/vec4; draw_string_vec4
    %pushi/vec4 29551, 0, 32; draw_string_vec4
    %concat/vec4; draw_string_vec4
    %pushi/vec4 1835081777, 0, 32; draw_string_vec4
    %concat/vec4; draw_string_vec4
    %pushi/vec4 842216491, 0, 32; draw_string_vec4
    %concat/vec4; draw_string_vec4
    %pushi/vec4 892745528, 0, 32; draw_string_vec4
    %concat/vec4; draw_string_vec4
    %store/vec4 v00000195671ed3d0_0, 0, 384;
    %fork TD_tb_tp4_additions.check_alu, S_00000195671ee610;
    %join;
    %free S_00000195671ee610;
    %alloc S_00000195671ee610;
    %pushi/vec4 1, 0, 2;
    %store/vec4 v00000195671ee7a0_0, 0, 2;
    %pushi/vec4 65535, 0, 16;
    %store/vec4 v00000195671ed8d0_0, 0, 16;
    %pushi/vec4 1, 0, 16;
    %store/vec4 v00000195671ed970_0, 0, 16;
    %pushi/vec4 65534, 0, 32;
    %store/vec4 v00000195671ed330_0, 0, 32;
    %pushi/vec4 0, 0, 1;
    %store/vec4 v00000195671abd70_0, 0, 1;
    %pushi/vec4 0, 0, 32; draw_string_vec4
    %pushi/vec4 0, 0, 32; draw_string_vec4
    %concat/vec4; draw_string_vec4
    %pushi/vec4 0, 0, 32; draw_string_vec4
    %concat/vec4; draw_string_vec4
    %pushi/vec4 0, 0, 32; draw_string_vec4
    %concat/vec4; draw_string_vec4
    %pushi/vec4 0, 0, 32; draw_string_vec4
    %concat/vec4; draw_string_vec4
    %pushi/vec4 0, 0, 32; draw_string_vec4
    %concat/vec4; draw_string_vec4
    %pushi/vec4 0, 0, 32; draw_string_vec4
    %concat/vec4; draw_string_vec4
    %pushi/vec4 0, 0, 32; draw_string_vec4
    %concat/vec4; draw_string_vec4
    %pushi/vec4 1937072756, 0, 32; draw_string_vec4
    %concat/vec4; draw_string_vec4
    %pushi/vec4 1918985057, 0, 32; draw_string_vec4
    %concat/vec4; draw_string_vec4
    %pushi/vec4 1864394342, 0, 32; draw_string_vec4
    %concat/vec4; draw_string_vec4
    %pushi/vec4 1717972273, 0, 32; draw_string_vec4
    %concat/vec4; draw_string_vec4
    %store/vec4 v00000195671ed3d0_0, 0, 384;
    %fork TD_tb_tp4_additions.check_alu, S_00000195671ee610;
    %join;
    %free S_00000195671ee610;
    %alloc S_00000195671ee610;
    %pushi/vec4 1, 0, 2;
    %store/vec4 v00000195671ee7a0_0, 0, 2;
    %pushi/vec4 0, 0, 16;
    %store/vec4 v00000195671ed8d0_0, 0, 16;
    %pushi/vec4 1, 0, 16;
    %store/vec4 v00000195671ed970_0, 0, 16;
    %pushi/vec4 4294967295, 0, 32;
    %store/vec4 v00000195671ed330_0, 0, 32;
    %pushi/vec4 1, 0, 1;
    %store/vec4 v00000195671abd70_0, 0, 1;
    %pushi/vec4 0, 0, 32; draw_string_vec4
    %pushi/vec4 0, 0, 32; draw_string_vec4
    %concat/vec4; draw_string_vec4
    %pushi/vec4 0, 0, 32; draw_string_vec4
    %concat/vec4; draw_string_vec4
    %pushi/vec4 0, 0, 32; draw_string_vec4
    %concat/vec4; draw_string_vec4
    %pushi/vec4 0, 0, 32; draw_string_vec4
    %concat/vec4; draw_string_vec4
    %pushi/vec4 0, 0, 32; draw_string_vec4
    %concat/vec4; draw_string_vec4
    %pushi/vec4 0, 0, 32; draw_string_vec4
    %concat/vec4; draw_string_vec4
    %pushi/vec4 0, 0, 32; draw_string_vec4
    %concat/vec4; draw_string_vec4
    %pushi/vec4 115, 0, 32; draw_string_vec4
    %concat/vec4; draw_string_vec4
    %pushi/vec4 1969386610, 0, 32; draw_string_vec4
    %concat/vec4; draw_string_vec4
    %pushi/vec4 1633902959, 0, 32; draw_string_vec4
    %concat/vec4; draw_string_vec4
    %pushi/vec4 540028209, 0, 32; draw_string_vec4
    %concat/vec4; draw_string_vec4
    %store/vec4 v00000195671ed3d0_0, 0, 384;
    %fork TD_tb_tp4_additions.check_alu, S_00000195671ee610;
    %join;
    %free S_00000195671ee610;
    %alloc S_00000195671ee610;
    %pushi/vec4 2, 0, 2;
    %store/vec4 v00000195671ee7a0_0, 0, 2;
    %pushi/vec4 0, 0, 16;
    %store/vec4 v00000195671ed8d0_0, 0, 16;
    %pushi/vec4 65535, 0, 16;
    %store/vec4 v00000195671ed970_0, 0, 16;
    %pushi/vec4 0, 0, 32;
    %store/vec4 v00000195671ed330_0, 0, 32;
    %pushi/vec4 0, 0, 1;
    %store/vec4 v00000195671abd70_0, 0, 1;
    %pushi/vec4 0, 0, 32; draw_string_vec4
    %pushi/vec4 0, 0, 32; draw_string_vec4
    %concat/vec4; draw_string_vec4
    %pushi/vec4 0, 0, 32; draw_string_vec4
    %concat/vec4; draw_string_vec4
    %pushi/vec4 0, 0, 32; draw_string_vec4
    %concat/vec4; draw_string_vec4
    %pushi/vec4 0, 0, 32; draw_string_vec4
    %concat/vec4; draw_string_vec4
    %pushi/vec4 0, 0, 32; draw_string_vec4
    %concat/vec4; draw_string_vec4
    %pushi/vec4 0, 0, 32; draw_string_vec4
    %concat/vec4; draw_string_vec4
    %pushi/vec4 109, 0, 32; draw_string_vec4
    %concat/vec4; draw_string_vec4
    %pushi/vec4 1970041961, 0, 32; draw_string_vec4
    %concat/vec4; draw_string_vec4
    %pushi/vec4 1886153059, 0, 32; draw_string_vec4
    %concat/vec4; draw_string_vec4
    %pushi/vec4 1633902959, 0, 32; draw_string_vec4
    %concat/vec4; draw_string_vec4
    %pushi/vec4 540047408, 0, 32; draw_string_vec4
    %concat/vec4; draw_string_vec4
    %store/vec4 v00000195671ed3d0_0, 0, 384;
    %fork TD_tb_tp4_additions.check_alu, S_00000195671ee610;
    %join;
    %free S_00000195671ee610;
    %alloc S_00000195671ee610;
    %pushi/vec4 2, 0, 2;
    %store/vec4 v00000195671ee7a0_0, 0, 2;
    %pushi/vec4 65535, 0, 16;
    %store/vec4 v00000195671ed8d0_0, 0, 16;
    %pushi/vec4 1, 0, 16;
    %store/vec4 v00000195671ed970_0, 0, 16;
    %pushi/vec4 65535, 0, 32;
    %store/vec4 v00000195671ed330_0, 0, 32;
    %pushi/vec4 0, 0, 1;
    %store/vec4 v00000195671abd70_0, 0, 1;
    %pushi/vec4 0, 0, 32; draw_string_vec4
    %pushi/vec4 0, 0, 32; draw_string_vec4
    %concat/vec4; draw_string_vec4
    %pushi/vec4 0, 0, 32; draw_string_vec4
    %concat/vec4; draw_string_vec4
    %pushi/vec4 0, 0, 32; draw_string_vec4
    %concat/vec4; draw_string_vec4
    %pushi/vec4 0, 0, 32; draw_string_vec4
    %concat/vec4; draw_string_vec4
    %pushi/vec4 28021, 0, 32; draw_string_vec4
    %concat/vec4; draw_string_vec4
    %pushi/vec4 1819568496, 0, 32; draw_string_vec4
    %concat/vec4; draw_string_vec4
    %pushi/vec4 1818846049, 0, 32; draw_string_vec4
    %concat/vec4; draw_string_vec4
    %pushi/vec4 1667329824, 0, 32; draw_string_vec4
    %concat/vec4; draw_string_vec4
    %pushi/vec4 1818848617, 0, 32; draw_string_vec4
    %concat/vec4; draw_string_vec4
    %pushi/vec4 1952784496, 0, 32; draw_string_vec4
    %concat/vec4; draw_string_vec4
    %pushi/vec4 1869750321, 0, 32; draw_string_vec4
    %concat/vec4; draw_string_vec4
    %store/vec4 v00000195671ed3d0_0, 0, 384;
    %fork TD_tb_tp4_additions.check_alu, S_00000195671ee610;
    %join;
    %free S_00000195671ee610;
    %alloc S_00000195671f9c70;
    %pushi/vec4 0, 0, 8;
    %store/vec4 v00000195671f9ea0_0, 0, 8;
    %pushi/vec4 0, 0, 16;
    %store/vec4 v00000195671ee840_0, 0, 16;
    %pushi/vec4 0, 0, 32; draw_string_vec4
    %pushi/vec4 0, 0, 32; draw_string_vec4
    %concat/vec4; draw_string_vec4
    %pushi/vec4 0, 0, 32; draw_string_vec4
    %concat/vec4; draw_string_vec4
    %pushi/vec4 0, 0, 32; draw_string_vec4
    %concat/vec4; draw_string_vec4
    %pushi/vec4 0, 0, 32; draw_string_vec4
    %concat/vec4; draw_string_vec4
    %pushi/vec4 0, 0, 32; draw_string_vec4
    %concat/vec4; draw_string_vec4
    %pushi/vec4 0, 0, 32; draw_string_vec4
    %concat/vec4; draw_string_vec4
    %pushi/vec4 0, 0, 32; draw_string_vec4
    %concat/vec4; draw_string_vec4
    %pushi/vec4 0, 0, 32; draw_string_vec4
    %concat/vec4; draw_string_vec4
    %pushi/vec4 25966, 0, 32; draw_string_vec4
    %concat/vec4; draw_string_vec4
    %pushi/vec4 1684370021, 0, 32; draw_string_vec4
    %concat/vec4; draw_string_vec4
    %pushi/vec4 1668227120, 0, 32; draw_string_vec4
    %concat/vec4; draw_string_vec4
    %store/vec4 v00000195671f9e00_0, 0, 384;
    %fork TD_tb_tp4_additions.check_bram, S_00000195671f9c70;
    %join;
    %free S_00000195671f9c70;
    %alloc S_00000195671f9c70;
    %pushi/vec4 1, 0, 8;
    %store/vec4 v00000195671f9ea0_0, 0, 8;
    %pushi/vec4 1, 0, 16;
    %store/vec4 v00000195671ee840_0, 0, 16;
    %pushi/vec4 0, 0, 32; draw_string_vec4
    %pushi/vec4 0, 0, 32; draw_string_vec4
    %concat/vec4; draw_string_vec4
    %pushi/vec4 0, 0, 32; draw_string_vec4
    %concat/vec4; draw_string_vec4
    %pushi/vec4 0, 0, 32; draw_string_vec4
    %concat/vec4; draw_string_vec4
    %pushi/vec4 0, 0, 32; draw_string_vec4
    %concat/vec4; draw_string_vec4
    %pushi/vec4 0, 0, 32; draw_string_vec4
    %concat/vec4; draw_string_vec4
    %pushi/vec4 0, 0, 32; draw_string_vec4
    %concat/vec4; draw_string_vec4
    %pushi/vec4 0, 0, 32; draw_string_vec4
    %concat/vec4; draw_string_vec4
    %pushi/vec4 0, 0, 32; draw_string_vec4
    %concat/vec4; draw_string_vec4
    %pushi/vec4 25966, 0, 32; draw_string_vec4
    %concat/vec4; draw_string_vec4
    %pushi/vec4 1684370021, 0, 32; draw_string_vec4
    %concat/vec4; draw_string_vec4
    %pushi/vec4 1668227121, 0, 32; draw_string_vec4
    %concat/vec4; draw_string_vec4
    %store/vec4 v00000195671f9e00_0, 0, 384;
    %fork TD_tb_tp4_additions.check_bram, S_00000195671f9c70;
    %join;
    %free S_00000195671f9c70;
    %alloc S_00000195671f9c70;
    %pushi/vec4 42, 0, 8;
    %store/vec4 v00000195671f9ea0_0, 0, 8;
    %pushi/vec4 42, 0, 16;
    %store/vec4 v00000195671ee840_0, 0, 16;
    %pushi/vec4 0, 0, 32; draw_string_vec4
    %pushi/vec4 0, 0, 32; draw_string_vec4
    %concat/vec4; draw_string_vec4
    %pushi/vec4 0, 0, 32; draw_string_vec4
    %concat/vec4; draw_string_vec4
    %pushi/vec4 0, 0, 32; draw_string_vec4
    %concat/vec4; draw_string_vec4
    %pushi/vec4 0, 0, 32; draw_string_vec4
    %concat/vec4; draw_string_vec4
    %pushi/vec4 0, 0, 32; draw_string_vec4
    %concat/vec4; draw_string_vec4
    %pushi/vec4 0, 0, 32; draw_string_vec4
    %concat/vec4; draw_string_vec4
    %pushi/vec4 0, 0, 32; draw_string_vec4
    %concat/vec4; draw_string_vec4
    %pushi/vec4 0, 0, 32; draw_string_vec4
    %concat/vec4; draw_string_vec4
    %pushi/vec4 6647396, 0, 32; draw_string_vec4
    %concat/vec4; draw_string_vec4
    %pushi/vec4 1701995875, 0, 32; draw_string_vec4
    %concat/vec4; draw_string_vec4
    %pushi/vec4 1864381490, 0, 32; draw_string_vec4
    %concat/vec4; draw_string_vec4
    %store/vec4 v00000195671f9e00_0, 0, 384;
    %fork TD_tb_tp4_additions.check_bram, S_00000195671f9c70;
    %join;
    %free S_00000195671f9c70;
    %alloc S_00000195671f9c70;
    %pushi/vec4 255, 0, 8;
    %store/vec4 v00000195671f9ea0_0, 0, 8;
    %pushi/vec4 255, 0, 16;
    %store/vec4 v00000195671ee840_0, 0, 16;
    %pushi/vec4 0, 0, 32; draw_string_vec4
    %pushi/vec4 0, 0, 32; draw_string_vec4
    %concat/vec4; draw_string_vec4
    %pushi/vec4 0, 0, 32; draw_string_vec4
    %concat/vec4; draw_string_vec4
    %pushi/vec4 0, 0, 32; draw_string_vec4
    %concat/vec4; draw_string_vec4
    %pushi/vec4 0, 0, 32; draw_string_vec4
    %concat/vec4; draw_string_vec4
    %pushi/vec4 0, 0, 32; draw_string_vec4
    %concat/vec4; draw_string_vec4
    %pushi/vec4 0, 0, 32; draw_string_vec4
    %concat/vec4; draw_string_vec4
    %pushi/vec4 0, 0, 32; draw_string_vec4
    %concat/vec4; draw_string_vec4
    %pushi/vec4 0, 0, 32; draw_string_vec4
    %concat/vec4; draw_string_vec4
    %pushi/vec4 1701733477, 0, 32; draw_string_vec4
    %concat/vec4; draw_string_vec4
    %pushi/vec4 1919247215, 0, 32; draw_string_vec4
    %concat/vec4; draw_string_vec4
    %pushi/vec4 544039288, 0, 32; draw_string_vec4
    %concat/vec4; draw_string_vec4
    %store/vec4 v00000195671f9e00_0, 0, 384;
    %fork TD_tb_tp4_additions.check_bram, S_00000195671f9c70;
    %join;
    %free S_00000195671f9c70;
    %load/vec4 v0000019567272a80_0;
    %addi 1, 0, 32;
    %store/vec4 v0000019567272a80_0, 0, 32;
    %pushi/vec4 0, 0, 1;
    %store/vec4 v0000019567273160_0, 0, 1;
    %pushi/vec4 7, 0, 8;
    %store/vec4 v0000019567273480_0, 0, 8;
    %wait E_00000195672142d0;
    %delay 1000, 0;
    %load/vec4 v0000019567273340_0;
    %cmpi/ne 255, 0, 16;
    %jmp/0xz  T_7.0, 6;
    %load/vec4 v0000019567273200_0;
    %addi 1, 0, 32;
    %store/vec4 v0000019567273200_0, 0, 32;
    %vpi_call/w 3 121 "$fatal", 32'sb00000000000000000000000000000001, "BRAM FAIL: enable=0 alterou a saida: %h", v0000019567273340_0 {0 0 0};
T_7.0 ;
    %load/vec4 v00000195672728a0_0;
    %addi 1, 0, 32;
    %store/vec4 v00000195672728a0_0, 0, 32;
    %vpi_call/w 3 124 "$display", "PASS: BRAM enable=0 preserva a saida" {0 0 0};
    %load/vec4 v0000019567273200_0;
    %cmpi/ne 0, 0, 32;
    %jmp/0xz  T_7.2, 4;
    %vpi_call/w 3 127 "$fatal", 32'sb00000000000000000000000000000001, "tb_tp4_additions terminou com falhas" {0 0 0};
T_7.2 ;
    %vpi_call/w 3 129 "$display", "================================================" {0 0 0};
    %vpi_call/w 3 130 "$display", "PASS tb_tp4_additions" {0 0 0};
    %vpi_call/w 3 131 "$display", "TESTES: %0d | PASS: %0d | FAIL: %0d", v0000019567272a80_0, v00000195672728a0_0, v0000019567273200_0 {0 0 0};
    %vpi_call/w 3 133 "$display", "================================================" {0 0 0};
    %vpi_call/w 3 134 "$finish" {0 0 0};
    %end;
    .thread T_7;
    .scope S_00000195671ed740;
T_8 ;
    %delay 5000000, 0;
    %vpi_call/w 3 140 "$fatal", 32'sb00000000000000000000000000000001, "Timeout: tb_tp4_additions excedeu o tempo maximo" {0 0 0};
    %end;
    .thread T_8;
# The file index is used to find the file name in the following table.
:file_names 6;
    "N/A";
    "<interactive>";
    "-";
    ".\tb_tp4_additions.v";
    "..\src\tp4_alu.v";
    "..\src\tp4_bram.v";
